// Jest Snapshot v1, https://goo.gl/fbAQLP

exports[`Home page component should render correctly 1`] = `
<RNCSafeAreaView
  edges={
    Array [
      "bottom",
    ]
  }
  style={
    Object {
      "flex": 1,
    }
  }
>
  <RCTScrollView>
    <View>
      <View
        accessibilityIgnoresInvertColors={true}
        style={
          Object {
            "height": 350,
            "width": "100%",
          }
        }
      >
        <Image
          source={
            Object {
              "uri": "header",
            }
          }
          style={
            Array [
              Object {
                "bottom": 0,
                "left": 0,
                "position": "absolute",
                "right": 0,
                "top": 0,
              },
              Object {
                "height": 350,
                "width": "100%",
              },
              undefined,
            ]
          }
        />
        <View
          style={
            Array [
              Object {
                "display": "flex",
              },
              Array [
                Object {
                  "alignItems": "center",
                  "display": "flex",
                  "flex": 1,
                  "justifyContent": "flex-end",
                  "marginBottom": 24,
                },
              ],
            ]
          }
        >
          <Text
            style={
              Array [
                Object {
                  "display": "flex",
                },
                Array [
                  Object {
                    "color": "#fff",
                    "display": "flex",
                    "fontFamily": "WorkSans-Bold",
                    "fontSize": 24,
                    "lineHeight": 24,
                  },
                ],
              ]
            }
            testID="home_title"
          >
            React Native Starter
          </Text>
        </View>
      </View>
      <View
        style={
          Array [
            Object {
              "display": "flex",
            },
            Array [
              Object {
                "display": "flex",
                "paddingBottom": 32,
                "paddingHorizontal": 24,
              },
            ],
          ]
        }
      >
        <Text
          style={
            Array [
              Object {
                "display": "flex",
              },
              Array [
                Object {
                  "display": "flex",
                  "marginTop": 32,
                },
              ],
            ]
          }
        >
          Navigate to another page
        </Text>
        <View
          style={
            Array [
              Object {
                "paddingHorizontal": 16,
                "paddingVertical": 8,
              },
            ]
          }
        >
          <View
            accessible={true}
            collapsable={false}
            focusable={true}
            onBlur={[Function]}
            onClick={[Function]}
            onFocus={[Function]}
            onResponderGrant={[Function]}
            onResponderMove={[Function]}
            onResponderRelease={[Function]}
            onResponderTerminate={[Function]}
            onResponderTerminationRequest={[Function]}
            onStartShouldSetResponder={[Function]}
            testID="goto_otherPage"
          >
            <View
              style={
                Array [
                  Object {
                    "display": "flex",
                  },
                  Array [
                    Object {
                      "display": "flex",
                    },
                    Array [
                      Object {
                        "alignItems": "center",
                        "marginTop": 24,
                      },
                    ],
                  ],
                ]
              }
            >
              <Text
                style={
                  Array [
                    Object {
                      "display": "flex",
                    },
                    Array [
                      Object {
                        "display": "flex",
                      },
                    ],
                  ]
                }
              >
                Press to navigate
              </Text>
            </View>
          </View>
        </View>
        <Text
          style={
            Array [
              Object {
                "display": "flex",
              },
              Array [
                Object {
                  "display": "flex",
                  "fontFamily": "WorkSans-Bold",
                  "fontSize": 24,
                  "lineHeight": 24,
                  "marginBottom": 8,
                  "marginTop": 24,
                },
              ],
            ]
          }
        >
          Storybook
        </Text>
        <Text
          style={
            Array [
              Object {
                "display": "flex",
              },
              Array [
                Object {
                  "display": "flex",
                },
              ],
            ]
          }
        >
          Access the Storybook form the Dev Menu with
           Cmd+R
        </Text>
        <Text
          style={
            Array [
              Object {
                "display": "flex",
              },
              Array [
                Object {
                  "display": "flex",
                  "fontFamily": "WorkSans-Bold",
                  "fontSize": 24,
                  "lineHeight": 24,
                  "marginBottom": 8,
                  "marginTop": 24,
                },
              ],
            ]
          }
        >
          Tests
        </Text>
        <Text
          style={
            Array [
              Object {
                "display": "flex",
              },
              Array [
                Object {
                  "display": "flex",
                },
              ],
            ]
          }
        >
          You can run tests with Jest or Detox
        </Text>
        <Text
          style={
            Array [
              Object {
                "display": "flex",
              },
              Array [
                Object {
                  "display": "flex",
                  "fontFamily": "WorkSans-Bold",
                  "fontSize": 24,
                  "lineHeight": 24,
                  "marginBottom": 8,
                  "marginTop": 24,
                },
              ],
            ]
          }
        >
          Formatting & type checking
        </Text>
        <Text
          style={
            Array [
              Object {
                "display": "flex",
              },
              Array [
                Object {
                  "display": "flex",
                },
              ],
            ]
          }
        >
          The code is checked with ESLint, Prettier and TypeScript
        </Text>
      </View>
    </View>
  </RCTScrollView>
</RNCSafeAreaView>
`;
