// Jest Snapshot v1, https://goo.gl/fbAQLP

exports[`Home page component should render correctly 1`] = `
<SafeView>
  <Styled(Styled(View))
    alignItems="center"
    justifyContent="center"
  >
    <Styled(Styled(Text))
      color="black"
      testID="home_title"
      variant="xLarge"
    >
      Page d'accueil
    </Styled(Styled(Text))>
    <Button
      onPress={[Function]}
      testID="goto_details"
    >
      <Styled(Text)
        color="black"
        mt="medium"
        variant="regular"
      >
        Aller à la page détails
      </Styled(Text)>
    </Button>
  </Styled(Styled(View))>
</SafeView>
`;
