// Jest Snapshot v1, https://goo.gl/fbAQLP

exports[`Home page component should render correctly 1`] = `
<SafeView
  edges={
    Array [
      "bottom",
    ]
  }
>
  <ScrollView>
    <StatusBar
      animated={false}
      barStyle="light-content"
      showHideTransition="fade"
    />
    <Header />
    <Styled(Styled(View))
      pb={150}
      px={25}
    >
      <Styled(Styled(Text))
        color="black"
        fontWeight={600}
        mt={25}
        variant="large"
      >
        Navigate to another page
      </Styled(Styled(Text))>
      <Button
        alignItems="center"
        bg="grey"
        borderRadius="medium"
        mt={20}
        onPress={[Function]}
        px={15}
        py={5}
        testID="goto_otherPage"
      >
        <Styled(Text)
          color="black"
          variant="regular"
        >
          Press to navigate
        </Styled(Text)>
      </Button>
      <Informations />
    </Styled(Styled(View))>
  </ScrollView>
</SafeView>
`;
