--------- beginning of main
11-25 20:50:55.005 24123 24123 D DetoxRNLoading: Got new RN-context directly and immediately
11-25 20:50:55.006 24123 24162 I DetoxRNIdleRes: Setting up Espresso Idling Resources for React Native
11-25 20:50:55.015 24123 24162 D AsyncStorageIR: Checking whether a custom IR for Async-Storage is required... (legacy=false)
11-25 20:50:55.015 24123 24162 D AsyncStorageIR: IR for Async-Storage is required! (legacy=false)
11-25 20:50:55.015 24123 24162 D AsyncStorageIR: Checking whether a custom IR for Async-Storage is required... (legacy=true)
11-25 20:50:55.015 24123 24162 D AsyncStorageIR: IR for Async-Storage is required! (legacy=true)
11-25 20:50:55.017 24123 24123 I Detox   : UIManagerModule is busy
11-25 20:50:55.017 24123 24123 D AsyncStorageIR: Async-storage is busy!
11-25 20:50:55.019 24123 24167 D DetoxWSClient: At onOpen
11-25 20:50:55.019 24123 24167 I DetoxWSClient: Sending out action 'login' (ID #0)
11-25 20:50:55.019 24123 24167 I Detox   : Connected to server!
11-25 20:50:55.020 24123 24123 D AsyncStorageIRLegacy: Async-storage is busy!
11-25 20:50:55.023 24123 24162 I DetoxDispatcher: Done with action '_init'
11-25 20:50:55.023 24123 24162 I DetoxDispatcher: Handling action 'isReady' (ID #-1000)...
11-25 20:50:55.026 24123 24167 D DetoxWSClient: Received action 'loginSuccess' (ID #0, params={"testerConnected":true,"appConnected":true})
11-25 20:50:55.071 24123 24167 D DetoxWSClient: Received action 'isReady' (ID #-1000, params={})
11-25 20:50:55.119 24123 24161 W unknown:ViewManagerPropertyUpdater: Could not find generated setter for class com.swmansion.rnscreens.ScreensShadowNode
11-25 20:50:55.136 24123 24123 I Detox   : UIManagerModule is busy
11-25 20:50:55.142 24123 24123 I ReactNative: [GESTURE HANDLER] Initialize gesture handler for root view com.facebook.react.ReactRootView{110f2fc V.E...... ......ID 0,0-1080,2082 #1}
11-25 20:50:55.148 24123 24181 D SoLoader: About to load: libimagepipeline.so
11-25 20:50:55.148 24123 24181 D SoLoader: libimagepipeline.so not found on /data/data/ninja.gab.rnStarter.staging/lib-main
11-25 20:50:55.148 24123 24181 D SoLoader: libimagepipeline.so found on /data/app/ninja.gab.rnStarter.staging-pqjuIBwSvY4e91kriRMWWQ==/lib/x86
11-25 20:50:55.148 24123 24181 D SoLoader: Not resolving dependencies for libimagepipeline.so
11-25 20:50:55.150 24123 24181 D SoLoader: Loaded: libimagepipeline.so
11-25 20:50:55.151 24123 24123 I Detox   : UIManagerModule is busy
11-25 20:50:55.155 24123 24181 D SoLoader: About to load: libnative-imagetranscoder.so
11-25 20:50:55.155 24123 24181 D SoLoader: libnative-imagetranscoder.so not found on /data/data/ninja.gab.rnStarter.staging/lib-main
11-25 20:50:55.155 24123 24181 D SoLoader: libnative-imagetranscoder.so found on /data/app/ninja.gab.rnStarter.staging-pqjuIBwSvY4e91kriRMWWQ==/lib/x86
11-25 20:50:55.155 24123 24181 D SoLoader: Not resolving dependencies for libnative-imagetranscoder.so
11-25 20:50:55.183 24123 24181 D SoLoader: Loaded: libnative-imagetranscoder.so
11-25 20:50:55.527 24123 24167 D DetoxWSClient: Received action 'currentStatus' (ID #1, params={})
11-25 20:50:55.527 24123 24163 I DetoxDispatcher: Handling action 'currentStatus' (ID #1)...
11-25 20:50:55.547 24123 24123 I Detox   : AnimatedModule is busy.
11-25 20:50:55.548 24123 24163 I DetoxWSClient: Sending out action 'currentStatusResult' (ID #1)
11-25 20:50:55.548 24123 24163 I DetoxDispatcher: Done with action 'currentStatus'
11-25 20:50:55.582 24123 24123 D IdlingResourceRegistry: All idling resources are idle.
11-25 20:50:55.582 24123 24123 I Detox   : Wait is over: app is now idle!
11-25 20:50:55.582 24123 24162 I DetoxWSClient: Sending out action 'ready' (ID #-1000)
11-25 20:50:55.583 24123 24162 I DetoxDispatcher: Done with action 'isReady'
11-25 20:50:55.583 24123 24162 I DetoxDispatcher: Handling action 'loginSuccess' (ID #0)...
11-25 20:50:55.583 24123 24162 I DetoxDispatcher: Done with action 'loginSuccess'
11-25 20:50:55.583 24123 24162 I DetoxDispatcher: Handling action 'isReady' (ID #-1000)...
11-25 20:50:55.585 24123 24123 D IdlingResourceRegistry: All idling resources are idle.
11-25 20:50:55.586 24123 24123 D IdlingResourceRegistry: All idling resources are idle.
11-25 20:50:55.586 24123 24123 I Detox   : Wait is over: app is now idle!
11-25 20:50:55.586 24123 24162 I DetoxWSClient: Sending out action 'ready' (ID #-1000)
11-25 20:50:55.586 24123 24162 I DetoxDispatcher: Done with action 'isReady'
11-25 20:50:55.606 24123 24167 D DetoxWSClient: Received action 'reactNativeReload' (ID #-1000, params={})
11-25 20:50:55.606 24123 24162 I DetoxDispatcher: Handling action 'reactNativeReload' (ID #-1000)...
11-25 20:50:55.608 24123 24123 D IdlingResourceRegistry: All idling resources are idle.
11-25 20:50:55.609 24123 24123 D IdlingResourceRegistry: All idling resources are idle.
11-25 20:50:55.610 24123 24162 I DetoxRNExt: Reloading React Native
11-25 20:50:55.613 24123 24161 I ReactNative: [GESTURE HANDLER] Tearing down gesture handler registered for root view com.facebook.react.ReactRootView{110f2fc V.E...... ......ID 0,0-1080,2082}
11-25 20:50:55.613 24123 24161 E unknown:ReactContextBaseJavaModule: Unhandled SoftException
11-25 20:50:55.613 24123 24161 E unknown:ReactContextBaseJavaModule: java.lang.RuntimeException: Catalyst Instance has already disappeared: requested by DeviceInfo
11-25 20:50:55.613 24123 24161 E unknown:ReactContextBaseJavaModule: 	at com.facebook.react.bridge.ReactContextBaseJavaModule.getReactApplicationContextIfActiveOrWarn(ReactContextBaseJavaModule.java:66)
11-25 20:50:55.613 24123 24161 E unknown:ReactContextBaseJavaModule: 	at com.facebook.react.modules.deviceinfo.DeviceInfoModule.invalidate(DeviceInfoModule.java:114)
11-25 20:50:55.613 24123 24161 E unknown:ReactContextBaseJavaModule: 	at com.facebook.react.bridge.ModuleHolder.destroy(ModuleHolder.java:110)
11-25 20:50:55.613 24123 24161 E unknown:ReactContextBaseJavaModule: 	at com.facebook.react.bridge.NativeModuleRegistry.notifyJSInstanceDestroy(NativeModuleRegistry.java:108)
11-25 20:50:55.613 24123 24161 E unknown:ReactContextBaseJavaModule: 	at com.facebook.react.bridge.CatalystInstanceImpl$1.run(CatalystInstanceImpl.java:359)
11-25 20:50:55.613 24123 24161 E unknown:ReactContextBaseJavaModule: 	at android.os.Handler.handleCallback(Handler.java:883)
11-25 20:50:55.613 24123 24161 E unknown:ReactContextBaseJavaModule: 	at android.os.Handler.dispatchMessage(Handler.java:100)
11-25 20:50:55.613 24123 24161 E unknown:ReactContextBaseJavaModule: 	at com.facebook.react.bridge.queue.MessageQueueThreadHandler.dispatchMessage(MessageQueueThreadHandler.java:27)
11-25 20:50:55.613 24123 24161 E unknown:ReactContextBaseJavaModule: 	at androidx.test.espresso.base.Interrogator.loopAndInterrogate(Interrogator.java:53)
11-25 20:50:55.613 24123 24161 E unknown:ReactContextBaseJavaModule: 	at androidx.test.espresso.base.LooperIdlingResourceInterrogationHandler$2.run(LooperIdlingResourceInterrogationHandler.java:4)
11-25 20:50:55.613 24123 24161 E unknown:ReactContextBaseJavaModule: 	at android.os.Handler.handleCallback(Handler.java:883)
11-25 20:50:55.613 24123 24161 E unknown:ReactContextBaseJavaModule: 	at android.os.Handler.dispatchMessage(Handler.java:100)
11-25 20:50:55.613 24123 24161 E unknown:ReactContextBaseJavaModule: 	at android.os.Looper.loop(Looper.java:214)
11-25 20:50:55.613 24123 24161 E unknown:ReactContextBaseJavaModule: 	at com.facebook.react.bridge.queue.MessageQueueThreadImpl$4.run(MessageQueueThreadImpl.java:226)
11-25 20:50:55.613 24123 24161 E unknown:ReactContextBaseJavaModule: 	at java.lang.Thread.run(Thread.java:919)
11-25 20:50:55.613 24123 24161 E unknown:ReactContextBaseJavaModule: Unhandled SoftException
11-25 20:50:55.613 24123 24161 E unknown:ReactContextBaseJavaModule: java.lang.RuntimeException: Catalyst Instance has already disappeared: requested by AppState
11-25 20:50:55.613 24123 24161 E unknown:ReactContextBaseJavaModule: 	at com.facebook.react.bridge.ReactContextBaseJavaModule.getReactApplicationContextIfActiveOrWarn(ReactContextBaseJavaModule.java:66)
11-25 20:50:55.613 24123 24161 E unknown:ReactContextBaseJavaModule: 	at com.facebook.react.modules.appstate.AppStateModule.invalidate(AppStateModule.java:127)
11-25 20:50:55.613 24123 24161 E unknown:ReactContextBaseJavaModule: 	at com.facebook.react.bridge.ModuleHolder.destroy(ModuleHolder.java:110)
11-25 20:50:55.613 24123 24161 E unknown:ReactContextBaseJavaModule: 	at com.facebook.react.bridge.NativeModuleRegistry.notifyJSInstanceDestroy(NativeModuleRegistry.java:108)
11-25 20:50:55.613 24123 24161 E unknown:ReactContextBaseJavaModule: 	at com.facebook.react.bridge.CatalystInstanceImpl$1.run(CatalystInstanceImpl.java:359)
11-25 20:50:55.613 24123 24161 E unknown:ReactContextBaseJavaModule: 	at android.os.Handler.handleCallback(Handler.java:883)
11-25 20:50:55.613 24123 24161 E unknown:ReactContextBaseJavaModule: 	at android.os.Handler.dispatchMessage(Handler.java:100)
11-25 20:50:55.613 24123 24161 E unknown:ReactContextBaseJavaModule: 	at com.facebook.react.bridge.queue.MessageQueueThreadHandler.dispatchMessage(MessageQueueThreadHandler.java:27)
11-25 20:50:55.613 24123 24161 E unknown:ReactContextBaseJavaModule: 	at androidx.test.espresso.base.Interrogator.loopAndInterrogate(Interrogator.java:53)
11-25 20:50:55.613 24123 24161 E unknown:ReactContextBaseJavaModule: 	at androidx.test.espresso.base.LooperIdlingResourceInterrogationHandler$2.run(LooperIdlingResourceInterrogationHandler.java:4)
11-25 20:50:55.613 24123 24161 E unknown:ReactContextBaseJavaModule: 	at android.os.Handler.handleCallback(Handler.java:883)
11-25 20:50:55.613 24123 24161 E unknown:ReactContextBaseJavaModule: 	at android.os.Handler.dispatchMessage(Handler.java:100)
11-25 20:50:55.613 24123 24161 E unknown:ReactContextBaseJavaModule: 	at android.os.Looper.loop(Looper.java:214)
11-25 20:50:55.613 24123 24161 E unknown:ReactContextBaseJavaModule: 	at com.facebook.react.bridge.queue.MessageQueueThreadImpl$4.run(MessageQueueThreadImpl.java:226)
11-25 20:50:55.613 24123 24161 E unknown:ReactContextBaseJavaModule: 	at java.lang.Thread.run(Thread.java:919)
11-25 20:50:55.613 24123 24161 E unknown:ReactContextBaseJavaModule: Unhandled SoftException
11-25 20:50:55.613 24123 24161 E unknown:ReactContextBaseJavaModule: java.lang.RuntimeException: Catalyst Instance has already disappeared: requested by NativeAnimatedModule
11-25 20:50:55.613 24123 24161 E unknown:ReactContextBaseJavaModule: 	at com.facebook.react.bridge.ReactContextBaseJavaModule.getReactApplicationContextIfActiveOrWarn(ReactContextBaseJavaModule.java:66)
11-25 20:50:55.613 24123 24161 E unknown:ReactContextBaseJavaModule: 	at com.facebook.react.animated.NativeAnimatedModule.invalidate(NativeAnimatedModule.java:897)
11-25 20:50:55.613 24123 24161 E unknown:ReactContextBaseJavaModule: 	at com.facebook.react.bridge.ModuleHolder.destroy(ModuleHolder.java:110)
11-25 20:50:55.613 24123 24161 E unknown:ReactContextBaseJavaModule: 	at com.facebook.react.bridge.NativeModuleRegistry.notifyJSInstanceDestroy(NativeModuleRegistry.java:108)
11-25 20:50:55.613 24123 24161 E unknown:ReactContextBaseJavaModule: 	at com.facebook.react.bridge.CatalystInstanceImpl$1.run(CatalystInstanceImpl.java:359)
11-25 20:50:55.613 24123 24161 E unknown:ReactContextBaseJavaModule: 	at android.os.Handler.handleCallback(Handler.java:883)
11-25 20:50:55.613 24123 24161 E unknown:ReactContextBaseJavaModule: 	at android.os.Handler.dispatchMessage(Handler.java:100)
11-25 20:50:55.613 24123 24161 E unknown:ReactContextBaseJavaModule: 	at com.facebook.react.bridge.queue.MessageQueueThreadHandler.dispatchMessage(MessageQueueThreadHandler.java:27)
11-25 20:50:55.613 24123 24161 E unknown:ReactContextBaseJavaModule: 	at androidx.test.espresso.base.Interrogator.loopAndInterrogate(Interrogator.java:53)
11-25 20:50:55.613 24123 24161 E unknown:ReactContextBaseJavaModule: 	at androidx.test.espresso.base.LooperIdlingResourceInterrogationHandler$2.run(LooperIdlingResourceInterrogationHandler.java:4)
11-25 20:50:55.613 24123 24161 E unknown:ReactContextBaseJavaModule: 	at android.os.Handler.handleCallback(Handler.java:883)
11-25 20:50:55.613 24123 24161 E unknown:ReactContextBaseJavaModule: 	at android.os.Handler.dispatchMessage(Handler.java:100)
11-25 20:50:55.613 24123 24161 E unknown:ReactContextBaseJavaModule: 	at android.os.Looper.loop(Looper.java:214)
11-25 20:50:55.613 24123 24161 E unknown:ReactContextBaseJavaModule: 	at com.facebook.react.bridge.queue.MessageQueueThreadImpl$4.run(MessageQueueThreadImpl.java:226)
11-25 20:50:55.613 24123 24161 E unknown:ReactContextBaseJavaModule: 	at java.lang.Thread.run(Thread.java:919)
11-25 20:50:55.613 24123 24161 E unknown:ReactContextBaseJavaModule: Unhandled SoftException
11-25 20:50:55.613 24123 24161 E unknown:ReactContextBaseJavaModule: java.lang.RuntimeException: Catalyst Instance has already disappeared: requested by FrescoModule
11-25 20:50:55.613 24123 24161 E unknown:ReactContextBaseJavaModule: 	at com.facebook.react.bridge.ReactContextBaseJavaModule.getReactApplicationContextIfActiveOrWarn(ReactContextBaseJavaModule.java:66)
11-25 20:50:55.613 24123 24161 E unknown:ReactContextBaseJavaModule: 	at com.facebook.react.modules.fresco.FrescoModule.invalidate(FrescoModule.java:202)
11-25 20:50:55.613 24123 24161 E unknown:ReactContextBaseJavaModule: 	at com.facebook.react.bridge.ModuleHolder.destroy(ModuleHolder.java:110)
11-25 20:50:55.613 24123 24161 E unknown:ReactContextBaseJavaModule: 	at com.facebook.react.bridge.NativeModuleRegistry.notifyJSInstanceDestroy(NativeModuleRegistry.java:108)
11-25 20:50:55.613 24123 24161 E unknown:ReactContextBaseJavaModule: 	at com.facebook.react.bridge.CatalystInstanceImpl$1.run(CatalystInstanceImpl.java:359)
11-25 20:50:55.613 24123 24161 E unknown:ReactContextBaseJavaModule: 	at android.os.Handler.handleCallback(Handler.java:883)
11-25 20:50:55.613 24123 24161 E unknown:ReactContextBaseJavaModule: 	at android.os.Handler.dispatchMessage(Handler.java:100)
11-25 20:50:55.613 24123 24161 E unknown:ReactContextBaseJavaModule: 	at com.facebook.react.bridge.queue.MessageQueueThreadHandler.dispatchMessage(MessageQueueThreadHandler.java:27)
11-25 20:50:55.613 24123 24161 E unknown:ReactContextBaseJavaModule: 	at androidx.test.espresso.base.Interrogator.loopAndInterrogate(Interrogator.java:53)
11-25 20:50:55.613 24123 24161 E unknown:ReactContextBaseJavaModule: 	at androidx.test.espresso.base.LooperIdlingResourceInterrogationHandler$2.run(LooperIdlingResourceInterrogationHandler.java:4)
11-25 20:50:55.613 24123 24161 E unknown:ReactContextBaseJavaModule: 	at android.os.Handler.handleCallback(Handler.java:883)
11-25 20:50:55.613 24123 24161 E unknown:ReactContextBaseJavaModule: 	at android.os.Handler.dispatchMessage(Handler.java:100)
11-25 20:50:55.613 24123 24161 E unknown:ReactContextBaseJavaModule: 	at android.os.Looper.loop(Looper.java:214)
11-25 20:50:55.613 24123 24161 E unknown:ReactContextBaseJavaModule: 	at com.facebook.react.bridge.queue.MessageQueueThreadImpl$4.run(MessageQueueThreadImpl.java:226)
11-25 20:50:55.613 24123 24161 E unknown:ReactContextBaseJavaModule: 	at java.lang.Thread.run(Thread.java:919)
11-25 20:50:55.620 24123 24184 W unknown:ViewManagerPropertyUpdater: Could not find generated setter for class com.facebook.react.views.drawer.ReactDrawerLayoutManager
11-25 20:50:55.620 24123 24184 W unknown:ViewManagerPropertyUpdater: Could not find generated setter for class com.facebook.react.uimanager.LayoutShadowNode
11-25 20:50:55.621 24123 24184 W unknown:ViewManagerPropertyUpdater: Could not find generated setter for class com.facebook.react.views.scroll.ReactHorizontalScrollViewManager
11-25 20:50:55.622 24123 24184 W unknown:ViewManagerPropertyUpdater: Could not find generated setter for class com.facebook.react.views.scroll.ReactHorizontalScrollContainerViewManager
11-25 20:50:55.622 24123 24184 W unknown:ViewManagerPropertyUpdater: Could not find generated setter for class com.facebook.react.views.progressbar.ReactProgressBarViewManager
11-25 20:50:55.622 24123 24184 W unknown:ViewManagerPropertyUpdater: Could not find generated setter for class com.facebook.react.views.progressbar.ProgressBarShadowNode
11-25 20:50:55.622 24123 24184 W unknown:ViewManagerPropertyUpdater: Could not find generated setter for class com.facebook.react.views.scroll.ReactScrollViewManager
11-25 20:50:55.622 24123 24184 W unknown:ViewManagerPropertyUpdater: Could not find generated setter for class com.facebook.react.views.slider.ReactSliderManager
11-25 20:50:55.623 24123 24184 W unknown:ViewManagerPropertyUpdater: Could not find generated setter for class com.facebook.react.views.slider.ReactSliderManager$ReactSliderShadowNode
11-25 20:50:55.623 24123 24184 W unknown:ViewManagerPropertyUpdater: Could not find generated setter for class com.facebook.react.views.switchview.ReactSwitchManager
11-25 20:50:55.624 24123 24184 W unknown:ViewManagerPropertyUpdater: Could not find generated setter for class com.facebook.react.views.switchview.ReactSwitchManager$ReactSwitchShadowNode
11-25 20:50:55.624 24123 24184 W unknown:ViewManagerPropertyUpdater: Could not find generated setter for class com.facebook.react.views.swiperefresh.SwipeRefreshLayoutManager
11-25 20:50:55.624 24123 24184 W unknown:ViewManagerPropertyUpdater: Could not find generated setter for class com.facebook.react.views.text.frescosupport.FrescoBasedReactTextInlineImageViewManager
11-25 20:50:55.624 24123 24184 W unknown:ViewManagerPropertyUpdater: Could not find generated setter for class com.facebook.react.views.text.frescosupport.FrescoBasedReactTextInlineImageShadowNode
11-25 20:50:55.624 24123 24184 W unknown:ViewManagerPropertyUpdater: Could not find generated setter for class com.facebook.react.views.image.ReactImageManager
11-25 20:50:55.625 24123 24184 W unknown:ViewManagerPropertyUpdater: Could not find generated setter for class com.facebook.react.views.modal.ReactModalHostManager
11-25 20:50:55.625 24123 24184 W unknown:ViewManagerPropertyUpdater: Could not find generated setter for class com.facebook.react.views.modal.ModalHostShadowNode
11-25 20:50:55.625 24123 24184 W unknown:ViewManagerPropertyUpdater: Could not find generated setter for class com.facebook.react.views.text.ReactRawTextManager
11-25 20:50:55.625 24123 24184 W unknown:ViewManagerPropertyUpdater: Could not find generated setter for class com.facebook.react.views.text.ReactRawTextShadowNode
11-25 20:50:55.625 24123 24184 W unknown:ViewManagerPropertyUpdater: Could not find generated setter for class com.facebook.react.views.textinput.ReactTextInputManager
11-25 20:50:55.625 24123 24184 W unknown:ViewManagerPropertyUpdater: Could not find generated setter for class com.facebook.react.views.textinput.ReactTextInputShadowNode
11-25 20:50:55.626 24123 24184 W unknown:ViewManagerPropertyUpdater: Could not find generated setter for class com.facebook.react.views.text.ReactTextViewManager
11-25 20:50:55.626 24123 24184 W unknown:ViewManagerPropertyUpdater: Could not find generated setter for class com.facebook.react.views.text.ReactTextShadowNode
11-25 20:50:55.626 24123 24184 W unknown:ViewManagerPropertyUpdater: Could not find generated setter for class com.facebook.react.views.view.ReactViewManager
11-25 20:50:55.626 24123 24184 W unknown:ViewManagerPropertyUpdater: Could not find generated setter for class com.facebook.react.views.text.ReactVirtualTextViewManager
11-25 20:50:55.626 24123 24184 W unknown:ViewManagerPropertyUpdater: Could not find generated setter for class com.facebook.react.views.text.ReactVirtualTextShadowNode
11-25 20:50:55.627 24123 24184 W unknown:ViewManagerPropertyUpdater: Could not find generated setter for class com.facebook.react.views.unimplementedview.ReactUnimplementedViewManager
11-25 20:50:55.627 24123 24184 W unknown:ViewManagerPropertyUpdater: Could not find generated setter for class org.reactnative.maskedview.RNCMaskedViewManager
11-25 20:50:55.627 24123 24184 W unknown:ViewManagerPropertyUpdater: Could not find generated setter for class com.swmansion.gesturehandler.react.RNGestureHandlerRootViewManager
11-25 20:50:55.627 24123 24184 W unknown:ViewManagerPropertyUpdater: Could not find generated setter for class com.swmansion.gesturehandler.react.RNGestureHandlerButtonViewManager
11-25 20:50:55.627 24123 24184 W unknown:ViewManagerPropertyUpdater: Could not find generated setter for class com.th3rdwave.safeareacontext.SafeAreaProviderManager
11-25 20:50:55.627 24123 24184 W unknown:ViewManagerPropertyUpdater: Could not find generated setter for class com.th3rdwave.safeareacontext.SafeAreaViewManager
11-25 20:50:55.627 24123 24184 W unknown:ViewManagerPropertyUpdater: Could not find generated setter for class com.th3rdwave.safeareacontext.SafeAreaViewShadowNode
11-25 20:50:55.627 24123 24184 W unknown:ViewManagerPropertyUpdater: Could not find generated setter for class com.swmansion.rnscreens.ScreenContainerViewManager
11-25 20:50:55.627 24123 24184 W unknown:ViewManagerPropertyUpdater: Could not find generated setter for class com.swmansion.rnscreens.ScreenViewManager
11-25 20:50:55.628 24123 24184 W unknown:ViewManagerPropertyUpdater: Could not find generated setter for class com.swmansion.rnscreens.ScreenStackViewManager
11-25 20:50:55.628 24123 24184 W unknown:ViewManagerPropertyUpdater: Could not find generated setter for class com.swmansion.rnscreens.ScreenStackHeaderConfigViewManager
11-25 20:50:55.628 24123 24184 W unknown:ViewManagerPropertyUpdater: Could not find generated setter for class com.swmansion.rnscreens.ScreenStackHeaderSubviewManager
11-25 20:50:55.641 24123 24123 I DetoxRNLoading: Got new RN-context async'ly through listener
11-25 20:50:55.641 24123 24162 I DetoxRNIdleRes: Setting up Espresso Idling Resources for React Native
11-25 20:50:55.642 24123 24162 D AsyncStorageIR: Checking whether a custom IR for Async-Storage is required... (legacy=false)
11-25 20:50:55.642 24123 24162 D AsyncStorageIR: IR for Async-Storage is required! (legacy=false)
11-25 20:50:55.643 24123 24162 D AsyncStorageIR: Checking whether a custom IR for Async-Storage is required... (legacy=true)
11-25 20:50:55.643 24123 24162 D AsyncStorageIR: IR for Async-Storage is required! (legacy=true)
11-25 20:50:55.644 24123 24123 I Detox   : UIManagerModule is busy
11-25 20:50:55.644 24123 24123 D AsyncStorageIR: Async-storage is busy!
11-25 20:50:55.644 24123 24123 D AsyncStorageIRLegacy: Async-storage is busy!
11-25 20:50:55.644 24123 24162 I DetoxWSClient: Sending out action 'ready' (ID #-1000)
11-25 20:50:55.644 24123 24162 I DetoxDispatcher: Done with action 'reactNativeReload'
11-25 20:50:55.798 24123 24186 W unknown:ViewManagerPropertyUpdater: Could not find generated setter for class com.swmansion.rnscreens.ScreensShadowNode
11-25 20:50:55.820 24123 24123 I ReactNative: [GESTURE HANDLER] Initialize gesture handler for root view com.facebook.react.ReactRootView{110f2fc V.E...... ......ID 0,0-1080,2082 #b}
11-25 20:50:55.981 24123 24167 D DetoxWSClient: Received action 'invoke' (ID #2, params={"target":{"type":"Class","value":"com.wix.detox.espresso.DetoxAssertion"},"method":"assertMatcher","args":[{"type":"Invocation","value":{"target":{"type":"Class","value":"androidx.test.espresso.Espresso"},"method":"onView","args":[{"type":"Invocation","value":{"target":{"type":"Class","value":"com.wix.detox.espresso.DetoxMatcher"},"method":"matcherForTestId","args":["home_title"]}}]}},{"type":"Invocation","value":{"target":{"type":"Class","value":"com.wix.detox.espresso.DetoxMatcher"},"method":"matcherForSufficientlyVisible","args":[{"type":"Integer","value":75}]}}]})
11-25 20:50:55.982 24123 24162 I DetoxDispatcher: Handling action 'invoke' (ID #2)...
11-25 20:50:55.994 24123 24162 D Detox   : class com.wix.detox.espresso.DetoxMatcher, matcherForTestId, [home_title]
11-25 20:50:56.038 24123 24162 D Detox   : class androidx.test.espresso.Espresso, onView, [(with tag value: is "home_title" and view has effective visibility=VISIBLE)]
11-25 20:50:56.038 24123 24162 D Detox   : class com.wix.detox.espresso.DetoxMatcher, matcherForSufficientlyVisible, [75]
11-25 20:50:56.040 24123 24162 D Detox   : class com.wix.detox.espresso.DetoxAssertion, assertMatcher, [androidx.test.espresso.ViewInteraction@67b8f24, at least 75 percent of the view's area is displayed to the user.]
11-25 20:50:56.042 24123 24123 I Detox   : AnimatedModule is busy.
11-25 20:50:56.049 24123 24123 I chatty  : uid=10148(ninja.gab.rnStarter.staging) identical 1 line
11-25 20:50:56.070 24123 24123 I Detox   : AnimatedModule is busy.
11-25 20:50:56.086 24123 24123 I Detox   : AnimatedModule is busy.
11-25 20:50:56.104 24123 24123 I Detox   : AnimatedModule is busy.
11-25 20:50:56.125 24123 24123 I Detox   : AnimatedModule is busy.
11-25 20:50:56.141 24123 24123 I Detox   : AnimatedModule is busy.
11-25 20:50:56.159 24123 24123 I Detox   : AnimatedModule is busy.
11-25 20:50:56.176 24123 24123 I Detox   : AnimatedModule is busy.
11-25 20:50:56.193 24123 24123 I Detox   : AnimatedModule is busy.
11-25 20:50:56.210 24123 24123 I Detox   : AnimatedModule is busy.
11-25 20:50:56.243 24123 24123 I Detox   : UIManagerModule is busy
11-25 20:50:56.248 24123 24123 D IdlingResourceRegistry: All idling resources are idle.
11-25 20:50:56.257 24123 24123 I ViewInteraction: Checking 'MatchesViewAssertion(Detox){viewMatcher=at least 75 percent of the view's area is displayed to the user.}' assertion on view (with tag value: is "home_title" and view has effective visibility=VISIBLE)
11-25 20:50:56.258 24123 24162 I DetoxWSClient: Sending out action 'invokeResult' (ID #2)
11-25 20:50:56.258 24123 24162 I DetoxDispatcher: Done with action 'invoke'
