// Jest Snapshot v1, https://goo.gl/fbAQLP

exports[`OtherPage page component should render correctly 1`] = `
<SafeView>
  <Styled(Styled(View))
    alignItems="center"
    justifyContent="center"
  >
    <Styled(Styled(Text))
      color="black"
      fontWeight={600}
      testID="otherPage_title"
      variant="large"
    >
      An other page
    </Styled(Styled(Text))>
    <Button
      alignItems="center"
      bg="grey"
      borderRadius="medium"
      mt={20}
      onPress={[Function]}
      px={15}
      py={5}
      testID="back_button"
    >
      <Styled(Text)
        color="black"
        variant="regular"
      >
        Back
      </Styled(Text)>
    </Button>
  </Styled(Styled(View))>
</SafeView>
`;
