// Jest Snapshot v1, https://goo.gl/fbAQLP

exports[`OtherPage page component should render correctly 1`] = `
<RNCSafeAreaView
  style={
    Object {
      "flex": 1,
    }
  }
>
  <View
    style={
      Array [
        Object {
          "display": "flex",
        },
        Array [
          Object {
            "alignItems": "center",
            "display": "flex",
            "justifyContent": "center",
          },
        ],
      ]
    }
  >
    <Text
      style={
        Array [
          Object {
            "display": "flex",
            "fontFamily": "WorkSans-Bold",
            "fontSize": 24,
            "lineHeight": 24,
          },
          Array [
            Object {
              "display": "flex",
              "fontFamily": "WorkSans-Bold",
              "fontSize": 24,
              "lineHeight": 24,
            },
          ],
        ]
      }
      testID="otherPage_title"
    >
      Another page
    </Text>
    <View
      style={
        Array [
          Object {
            "display": "flex",
          },
          Array [
            Object {
              "display": "flex",
              "marginTop": 24,
            },
          ],
        ]
      }
    >
      <View
        style={
          Array [
            Object {
              "backgroundColor": "#e5e5e5",
              "borderRadius": 16,
              "paddingHorizontal": 16,
              "paddingVertical": 8,
            },
          ]
        }
      >
        <View
          accessible={true}
          collapsable={false}
          focusable={true}
          onBlur={[Function]}
          onClick={[Function]}
          onFocus={[Function]}
          onResponderGrant={[Function]}
          onResponderMove={[Function]}
          onResponderRelease={[Function]}
          onResponderTerminate={[Function]}
          onResponderTerminationRequest={[Function]}
          onStartShouldSetResponder={[Function]}
          testID="back_button"
        >
          <View
            style={
              Array [
                Object {
                  "display": "flex",
                },
                Array [
                  Object {
                    "display": "flex",
                  },
                  Array [
                    Object {
                      "alignItems": "center",
                    },
                  ],
                ],
              ]
            }
          >
            <Text
              style={
                Array [
                  Object {
                    "display": "flex",
                    "fontFamily": "WorkSans-Regular",
                    "fontSize": 14,
                    "lineHeight": 17,
                  },
                  Array [
                    Object {
                      "display": "flex",
                      "fontFamily": "WorkSans-Regular",
                      "fontSize": 14,
                      "lineHeight": 17,
                    },
                  ],
                ]
              }
            >
              Back
            </Text>
          </View>
        </View>
      </View>
    </View>
  </View>
</RNCSafeAreaView>
`;
