--------- beginning of main
11-25 20:50:54.358 24123 24123 W Starter.stagin: Unexpected CPU variant for X86 using defaults: x86
11-25 20:50:54.364 24123 24123 E Starter.stagin: Not starting debugger since process cannot load the jdwp agent.
--------- beginning of system
11-25 20:50:54.392 24123 24123 W ActivityThread: Package uses different ABI(s) than its instrumentation: package[ninja.gab.rnStarter.staging]: x86, null instrumentation[ninja.gab.rnStarter.staging.test]: null, null
11-25 20:50:54.394 24123 24123 I Starter.stagin: The ClassLoaderContext is a special shared library.
11-25 20:50:54.395 24123 24123 I Starter.stagin: The ClassLoaderContext is a special shared library.
11-25 20:50:54.422 24123 24123 W Starter.stagin: ClassLoaderContext classpath size mismatch. expected=0, found=3 (PCL[] | PCL[/system/framework/android.test.runner.jar*3312018701:/system/framework/android.test.mock.jar*3601177991:/data/app/ninja.gab.rnStarter.staging.test-0YypmkecYOZ51mKSA2BTrQ==/base.apk*598649120])
11-25 20:50:54.423 24123 24123 I Starter.stagin: Failed to add image file Rejecting application image due to class loader mismatch: 'Mismatch in dex files'
11-25 20:50:54.428 24123 24123 I Starter.stagin: The ClassLoaderContext is a special shared library.
11-25 20:50:54.428 24123 24123 I Starter.stagin: The ClassLoaderContext is a special shared library.
11-25 20:50:54.456 24123 24123 W Starter.stagin: ClassLoaderContext classpath size mismatch. expected=0, found=3 (PCL[] | PCL[/system/framework/android.test.runner.jar*3312018701:/system/framework/android.test.mock.jar*3601177991:/data/app/ninja.gab.rnStarter.staging.test-0YypmkecYOZ51mKSA2BTrQ==/base.apk*598649120];PCL[/system/framework/android.test.runner.jar*3312018701:/system/framework/android.test.mock.jar*3601177991:/data/app/ninja.gab.rnStarter.staging.test-0YypmkecYOZ51mKSA2BTrQ==/base.apk*598649120:/data/app/ninja.gab.rnStarter.staging-pqjuIBwSvY4e91kriRMWWQ==/base.apk*2644694556])
11-25 20:50:54.456 24123 24123 W Starter.stagin: Found duplicate classes, falling back to extracting from APK : /data/app/ninja.gab.rnStarter.staging-pqjuIBwSvY4e91kriRMWWQ==/base.apk
11-25 20:50:54.456 24123 24123 W Starter.stagin: NOTE: This wastes RAM and hurts startup performance.
11-25 20:50:54.456 24123 24123 W Starter.stagin: Found duplicated class when checking oat files: 'Landroid/support/v4/app/INotificationSideChannel$Stub$Proxy;' in /data/app/ninja.gab.rnStarter.staging-pqjuIBwSvY4e91kriRMWWQ==/base.apk and /data/app/ninja.gab.rnStarter.staging-pqjuIBwSvY4e91kriRMWWQ==/base.apk
11-25 20:50:54.456 24123 24123 W Starter.stagin: 
11-25 20:50:54.558 24123 24123 I MultiDex: VM with version 2.1.0 has multidex support
11-25 20:50:54.558 24123 24123 I MultiDex: Installing application
11-25 20:50:54.558 24123 24123 I MultiDex: VM has multidex support, MultiDex support library is disabled.
11-25 20:50:54.558 24123 24123 I MonitoringInstr: Instrumentation started!
11-25 20:50:54.566 24123 24123 D SoLoader: init start
11-25 20:50:54.566 24123 24123 D SoLoader: adding system library source: /vendor/lib
11-25 20:50:54.566 24123 24123 D SoLoader: adding system library source: /system/lib
11-25 20:50:54.566 24123 24123 D SoLoader: adding application source: com.facebook.soloader.DirectorySoSource[root = /data/app/ninja.gab.rnStarter.staging-pqjuIBwSvY4e91kriRMWWQ==/lib/x86 flags = 0]
11-25 20:50:54.566 24123 24123 D SoLoader: adding backup source from : com.facebook.soloader.ApkSoSource[root = /data/data/ninja.gab.rnStarter.staging/lib-main flags = 1]
11-25 20:50:54.567 24123 24123 D SoLoader: Preparing SO source: com.facebook.soloader.DirectorySoSource[root = /system/lib flags = 2]
11-25 20:50:54.567 24123 24123 D SoLoader: Preparing SO source: com.facebook.soloader.DirectorySoSource[root = /vendor/lib flags = 2]
11-25 20:50:54.567 24123 24123 D SoLoader: Preparing SO source: com.facebook.soloader.DirectorySoSource[root = /data/app/ninja.gab.rnStarter.staging-pqjuIBwSvY4e91kriRMWWQ==/lib/x86 flags = 0]
11-25 20:50:54.567 24123 24123 D SoLoader: Preparing SO source: com.facebook.soloader.ApkSoSource[root = /data/data/ninja.gab.rnStarter.staging/lib-main flags = 1]
11-25 20:50:54.567 24123 24123 V fb-UnpackingSoSource: locked dso store /data/user/0/ninja.gab.rnStarter.staging/lib-main
11-25 20:50:54.568 24123 24123 V fb-UnpackingSoSource: deps mismatch on deps store: regenerating
11-25 20:50:54.568 24123 24123 V fb-UnpackingSoSource: so store dirty: regenerating
11-25 20:50:54.578 24123 24123 D ApkSoSource: not allowing consideration of lib/x86/libbetter.so: deferring to libdir
11-25 20:50:54.578 24123 24123 D ApkSoSource: not allowing consideration of lib/x86/libc++_shared.so: deferring to libdir
11-25 20:50:54.578 24123 24123 D ApkSoSource: not allowing consideration of lib/x86/libfabricjni.so: deferring to libdir
11-25 20:50:54.578 24123 24123 D ApkSoSource: not allowing consideration of lib/x86/libfb.so: deferring to libdir
11-25 20:50:54.579 24123 24123 D ApkSoSource: not allowing consideration of lib/x86/libfbjni.so: deferring to libdir
11-25 20:50:54.579 24123 24123 D ApkSoSource: not allowing consideration of lib/x86/libfolly_futures.so: deferring to libdir
11-25 20:50:54.579 24123 24123 D ApkSoSource: not allowing consideration of lib/x86/libfolly_json.so: deferring to libdir
11-25 20:50:54.579 24123 24123 D ApkSoSource: not allowing consideration of lib/x86/libglog.so: deferring to libdir
11-25 20:50:54.579 24123 24123 D ApkSoSource: not allowing consideration of lib/x86/libglog_init.so: deferring to libdir
11-25 20:50:54.579 24123 24123 D ApkSoSource: not allowing consideration of lib/x86/libhermes-executor-common-debug.so: deferring to libdir
11-25 20:50:54.579 24123 24123 D ApkSoSource: not allowing consideration of lib/x86/libhermes-executor-common-release.so: deferring to libdir
11-25 20:50:54.579 24123 24123 D ApkSoSource: not allowing consideration of lib/x86/libhermes-executor-debug.so: deferring to libdir
11-25 20:50:54.579 24123 24123 D ApkSoSource: not allowing consideration of lib/x86/libhermes-executor-release.so: deferring to libdir
11-25 20:50:54.579 24123 24123 D ApkSoSource: not allowing consideration of lib/x86/libhermes-inspector.so: deferring to libdir
11-25 20:50:54.579 24123 24123 D ApkSoSource: not allowing consideration of lib/x86/libhermes.so: deferring to libdir
11-25 20:50:54.579 24123 24123 D ApkSoSource: not allowing consideration of lib/x86/libimagepipeline.so: deferring to libdir
11-25 20:50:54.579 24123 24123 D ApkSoSource: not allowing consideration of lib/x86/libjscexecutor.so: deferring to libdir
11-25 20:50:54.579 24123 24123 D ApkSoSource: not allowing consideration of lib/x86/libjsi.so: deferring to libdir
11-25 20:50:54.579 24123 24123 D ApkSoSource: not allowing consideration of lib/x86/libjsijniprofiler.so: deferring to libdir
11-25 20:50:54.579 24123 24123 D ApkSoSource: not allowing consideration of lib/x86/libjsinspector.so: deferring to libdir
11-25 20:50:54.579 24123 24123 D ApkSoSource: not allowing consideration of lib/x86/liblogger.so: deferring to libdir
11-25 20:50:54.579 24123 24123 D ApkSoSource: not allowing consideration of lib/x86/libmapbufferjni.so: deferring to libdir
11-25 20:50:54.580 24123 24123 D ApkSoSource: not allowing consideration of lib/x86/libnative-filters.so: deferring to libdir
11-25 20:50:54.580 24123 24123 D ApkSoSource: not allowing consideration of lib/x86/libnative-imagetranscoder.so: deferring to libdir
11-25 20:50:54.580 24123 24123 D ApkSoSource: not allowing consideration of lib/x86/libreact_codegen_rncore.so: deferring to libdir
11-25 20:50:54.580 24123 24123 D ApkSoSource: not allowing consideration of lib/x86/libreact_debug.so: deferring to libdir
11-25 20:50:54.580 24123 24123 D ApkSoSource: not allowing consideration of lib/x86/libreact_nativemodule_core.so: deferring to libdir
11-25 20:50:54.580 24123 24123 D ApkSoSource: not allowing consideration of lib/x86/libreact_render_animations.so: deferring to libdir
11-25 20:50:54.580 24123 24123 D ApkSoSource: not allowing consideration of lib/x86/libreact_render_attributedstring.so: deferring to libdir
11-25 20:50:54.580 24123 24123 D ApkSoSource: not allowing consideration of lib/x86/libreact_render_componentregistry.so: deferring to libdir
11-25 20:50:54.580 24123 24123 D ApkSoSource: not allowing consideration of lib/x86/libreact_render_core.so: deferring to libdir
11-25 20:50:54.580 24123 24123 D ApkSoSource: not allowing consideration of lib/x86/libreact_render_debug.so: deferring to libdir
11-25 20:50:54.580 24123 24123 D ApkSoSource: not allowing consideration of lib/x86/libreact_render_graphics.so: deferring to libdir
11-25 20:50:54.580 24123 24123 D ApkSoSource: not allowing consideration of lib/x86/libreact_render_imagemanager.so: deferring to libdir
11-25 20:50:54.580 24123 24123 D ApkSoSource: not allowing consideration of lib/x86/libreact_render_leakchecker.so: deferring to libdir
11-25 20:50:54.580 24123 24123 D ApkSoSource: not allowing consideration of lib/x86/libreact_render_mapbuffer.so: deferring to libdir
11-25 20:50:54.580 24123 24123 D ApkSoSource: not allowing consideration of lib/x86/libreact_render_mounting.so: deferring to libdir
11-25 20:50:54.580 24123 24123 D ApkSoSource: not allowing consideration of lib/x86/libreact_render_runtimescheduler.so: deferring to libdir
11-25 20:50:54.580 24123 24123 D ApkSoSource: not allowing consideration of lib/x86/libreact_render_scheduler.so: deferring to libdir
11-25 20:50:54.581 24123 24123 D ApkSoSource: not allowing consideration of lib/x86/libreact_render_telemetry.so: deferring to libdir
11-25 20:50:54.581 24123 24123 D ApkSoSource: not allowing consideration of lib/x86/libreact_render_templateprocessor.so: deferring to libdir
11-25 20:50:54.581 24123 24123 D ApkSoSource: not allowing consideration of lib/x86/libreact_render_textlayoutmanager.so: deferring to libdir
11-25 20:50:54.581 24123 24123 D ApkSoSource: not allowing consideration of lib/x86/libreact_render_uimanager.so: deferring to libdir
11-25 20:50:54.581 24123 24123 D ApkSoSource: not allowing consideration of lib/x86/libreact_utils.so: deferring to libdir
11-25 20:50:54.581 24123 24123 D ApkSoSource: not allowing consideration of lib/x86/libreactconfig.so: deferring to libdir
11-25 20:50:54.581 24123 24123 D ApkSoSource: not allowing consideration of lib/x86/libreactnativeblob.so: deferring to libdir
11-25 20:50:54.581 24123 24123 D ApkSoSource: not allowing consideration of lib/x86/libreactnativejni.so: deferring to libdir
11-25 20:50:54.581 24123 24123 D ApkSoSource: not allowing consideration of lib/x86/libreactnativeutilsjni.so: deferring to libdir
11-25 20:50:54.581 24123 24123 D ApkSoSource: not allowing consideration of lib/x86/libreactperfloggerjni.so: deferring to libdir
11-25 20:50:54.581 24123 24123 D ApkSoSource: not allowing consideration of lib/x86/libreanimated.so: deferring to libdir
11-25 20:50:54.581 24123 24123 D ApkSoSource: not allowing consideration of lib/x86/librrc_image.so: deferring to libdir
11-25 20:50:54.581 24123 24123 D ApkSoSource: not allowing consideration of lib/x86/librrc_modal.so: deferring to libdir
11-25 20:50:54.581 24123 24123 D ApkSoSource: not allowing consideration of lib/x86/librrc_progressbar.so: deferring to libdir
11-25 20:50:54.581 24123 24123 D ApkSoSource: not allowing consideration of lib/x86/librrc_root.so: deferring to libdir
11-25 20:50:54.581 24123 24123 D ApkSoSource: not allowing consideration of lib/x86/librrc_scrollview.so: deferring to libdir
11-25 20:50:54.581 24123 24123 D ApkSoSource: not allowing consideration of lib/x86/librrc_slider.so: deferring to libdir
11-25 20:50:54.581 24123 24123 D ApkSoSource: not allowing consideration of lib/x86/librrc_switch.so: deferring to libdir
11-25 20:50:54.581 24123 24123 D ApkSoSource: not allowing consideration of lib/x86/librrc_text.so: deferring to libdir
11-25 20:50:54.581 24123 24123 D ApkSoSource: not allowing consideration of lib/x86/librrc_textinput.so: deferring to libdir
11-25 20:50:54.582 24123 24123 D ApkSoSource: not allowing consideration of lib/x86/librrc_unimplementedview.so: deferring to libdir
11-25 20:50:54.582 24123 24123 D ApkSoSource: not allowing consideration of lib/x86/librrc_view.so: deferring to libdir
11-25 20:50:54.582 24123 24123 D ApkSoSource: not allowing consideration of lib/x86/libturbomodulejsijni.so: deferring to libdir
11-25 20:50:54.582 24123 24123 D ApkSoSource: not allowing consideration of lib/x86/libyoga.so: deferring to libdir
11-25 20:50:54.582 24123 24123 V fb-UnpackingSoSource: regenerating DSO store com.facebook.soloader.ApkSoSource
11-25 20:50:54.583 24123 24123 V fb-UnpackingSoSource: Finished regenerating DSO store com.facebook.soloader.ApkSoSource
11-25 20:50:54.583 24123 24123 V fb-UnpackingSoSource: starting syncer worker
11-25 20:50:54.586 24123 24123 V fb-UnpackingSoSource: releasing dso store lock for /data/user/0/ninja.gab.rnStarter.staging/lib-main (from syncer thread)
11-25 20:50:54.586 24123 24123 V fb-UnpackingSoSource: not releasing dso store lock for /data/user/0/ninja.gab.rnStarter.staging/lib-main (syncer thread started)
11-25 20:50:54.586 24123 24123 D SoLoader: init finish: 4 SO sources prepared
11-25 20:50:54.586 24123 24123 D SoLoader: init exiting
11-25 20:50:54.589 24123 24123 D ReactNative: [CodePush] Loading JS bundle from "assets://index.android.bundle"
11-25 20:50:54.590 24123 24123 D SoLoader: init exiting
11-25 20:50:54.590 24123 24123 D SoLoader: About to load: libjscexecutor.so
11-25 20:50:54.591 24123 24123 D SoLoader: libjscexecutor.so not found on /data/data/ninja.gab.rnStarter.staging/lib-main
11-25 20:50:54.591 24123 24123 D SoLoader: libjscexecutor.so found on /data/app/ninja.gab.rnStarter.staging-pqjuIBwSvY4e91kriRMWWQ==/lib/x86
11-25 20:50:54.591 24123 24123 D SoLoader: Not resolving dependencies for libjscexecutor.so
11-25 20:50:54.592 24123 24123 W System.err: java.lang.UnsatisfiedLinkError: dlopen failed: library "libjsc.so" not found
11-25 20:50:54.592 24123 24123 W System.err: 	at java.lang.Runtime.load0(Runtime.java:938)
11-25 20:50:54.592 24123 24123 W System.err: 	at java.lang.System.load(System.java:1631)
11-25 20:50:54.592 24123 24123 W System.err: 	at com.facebook.soloader.SoLoader$1.load(SoLoader.java:405)
11-25 20:50:54.592 24123 24123 W System.err: 	at com.facebook.soloader.DirectorySoSource.loadLibraryFrom(DirectorySoSource.java:77)
11-25 20:50:54.592 24123 24123 W System.err: 	at com.facebook.soloader.DirectorySoSource.loadLibrary(DirectorySoSource.java:50)
11-25 20:50:54.592 24123 24123 W System.err: 	at com.facebook.soloader.ApplicationSoSource.loadLibrary(ApplicationSoSource.java:89)
11-25 20:50:54.592 24123 24123 W System.err: 	at com.facebook.soloader.SoLoader.doLoadLibraryBySoName(SoLoader.java:860)
11-25 20:50:54.592 24123 24123 W System.err: 	at com.facebook.soloader.SoLoader.loadLibraryBySoNameImpl(SoLoader.java:740)
11-25 20:50:54.592 24123 24123 W System.err: 	at com.facebook.soloader.SoLoader.loadLibraryBySoName(SoLoader.java:654)
11-25 20:50:54.592 24123 24123 W System.err: 	at com.facebook.soloader.SoLoader.loadLibrary(SoLoader.java:634)
11-25 20:50:54.593 24123 24123 W System.err: 	at com.facebook.soloader.SoLoader.loadLibrary(SoLoader.java:582)
11-25 20:50:54.593 24123 24123 W System.err: 	at com.facebook.react.ReactInstanceManagerBuilder.getDefaultJSExecutorFactory(ReactInstanceManagerBuilder.java:305)
11-25 20:50:54.593 24123 24123 W System.err: 	at com.facebook.react.ReactInstanceManagerBuilder.build(ReactInstanceManagerBuilder.java:277)
11-25 20:50:54.593 24123 24123 W System.err: 	at com.facebook.react.ReactNativeHost.createReactInstanceManager(ReactNativeHost.java:89)
11-25 20:50:54.593 24123 24123 W System.err: 	at com.facebook.react.ReactNativeHost.getReactInstanceManager(ReactNativeHost.java:39)
11-25 20:50:54.593 24123 24123 W System.err: 	at ninja.gab.rnStarter.MainApplication.onCreate(MainApplication.java:61)
11-25 20:50:54.593 24123 24123 W System.err: 	at android.app.Instrumentation.callApplicationOnCreate(Instrumentation.java:1182)
11-25 20:50:54.593 24123 24123 W System.err: 	at androidx.test.runner.MonitoringInstrumentation.callApplicationOnCreate(MonitoringInstrumentation.java:428)
11-25 20:50:54.593 24123 24123 W System.err: 	at android.app.ActivityThread.handleBindApplication(ActivityThread.java:6460)
11-25 20:50:54.593 24123 24123 W System.err: 	at android.app.ActivityThread.access$1300(ActivityThread.java:219)
11-25 20:50:54.593 24123 24123 W System.err: 	at android.app.ActivityThread$H.handleMessage(ActivityThread.java:1859)
11-25 20:50:54.593 24123 24123 W System.err: 	at android.os.Handler.dispatchMessage(Handler.java:107)
11-25 20:50:54.593 24123 24123 W System.err: 	at android.os.Looper.loop(Looper.java:214)
11-25 20:50:54.593 24123 24123 W System.err: 	at android.app.ActivityThread.main(ActivityThread.java:7356)
11-25 20:50:54.593 24123 24123 W System.err: 	at java.lang.reflect.Method.invoke(Native Method)
11-25 20:50:54.593 24123 24123 W System.err: 	at com.android.internal.os.RuntimeInit$MethodAndArgsCaller.run(RuntimeInit.java:492)
11-25 20:50:54.593 24123 24123 W System.err: 	at com.android.internal.os.ZygoteInit.main(ZygoteInit.java:930)
11-25 20:50:54.593 24123 24123 E SoLoader: couldn't find DSO to load: libjscexecutor.so caused by: dlopen failed: library "libjsc.so" not found result: 0
11-25 20:50:54.595 24123 24123 D SoLoader: init exiting
11-25 20:50:54.597 24123 24123 I MonitoringInstr: No JSBridge.
11-25 20:50:54.608 24123 24143 I UsageTrackerFacilitator: Usage tracking enabled
11-25 20:50:54.611 24123 24143 I TestRequestBuilder: Scanning classpath to find tests in paths [/data/app/ninja.gab.rnStarter.staging.test-0YypmkecYOZ51mKSA2BTrQ==/base.apk]
11-25 20:50:54.612 24123 24143 W Starter.stagin: Opening an oat file without a class loader. Are you using the deprecated DexFile APIs?
11-25 20:50:54.711 24123 24143 D TestExecutor: Adding listener androidx.test.internal.runner.listener.LogRunListener
11-25 20:50:54.711 24123 24143 D TestExecutor: Adding listener androidx.test.internal.runner.listener.InstrumentationResultPrinter
11-25 20:50:54.711 24123 24143 D TestExecutor: Adding listener androidx.test.internal.runner.listener.ActivityFinisherRunListener
11-25 20:50:54.712 24123 24143 I TestRunner: run started: 1 tests
11-25 20:50:54.715 24123 24143 I TestRunner: started: runDetoxTests(ninja.gab.rnStarter.DetoxTest)
11-25 20:50:54.738 24123 24143 D EventInjectionStrategy: Creating injection strategy with input manager.
11-25 20:50:54.757 24123 24123 W ActivityThread: handleWindowVisibility: no activity for token android.os.BinderProxy@70db8a5
11-25 20:50:54.761 24123 24157 D libEGL  : Emulator has host GPU support, qemu.gles is set to 1.
11-25 20:50:54.762 24123 24157 W libc    : Unable to set property "qemu.gles" to "1": connection failed; errno=13 (Permission denied)
11-25 20:50:54.769 24123 24157 D libEGL  : loaded /vendor/lib/egl/libEGL_emulation.so
11-25 20:50:54.776 24123 24157 D libEGL  : loaded /vendor/lib/egl/libGLESv1_CM_emulation.so
11-25 20:50:54.776 24123 24123 D LifecycleMonitor: Lifecycle status change: ninja.gab.rnStarter.MainActivity@503c807 in: PRE_ON_CREATE
11-25 20:50:54.758 24123 24123 W RenderThread: type=1400 audit(0.0:79): avc: denied { write } for name="property_service" dev="tmpfs" ino=185 scontext=u:r:untrusted_app:s0:c148,c256,c512,c768 tcontext=u:object_r:property_socket:s0 tclass=sock_file permissive=0
11-25 20:50:54.784 24123 24157 D libEGL  : loaded /vendor/lib/egl/libGLESv2_emulation.so
11-25 20:50:54.789 24123 24158 D SoLoader: About to load: libhermes.so
11-25 20:50:54.790 24123 24158 D SoLoader: libhermes.so not found on /data/data/ninja.gab.rnStarter.staging/lib-main
11-25 20:50:54.790 24123 24158 D SoLoader: libhermes.so found on /data/app/ninja.gab.rnStarter.staging-pqjuIBwSvY4e91kriRMWWQ==/lib/x86
11-25 20:50:54.790 24123 24158 D SoLoader: Not resolving dependencies for libhermes.so
11-25 20:50:54.802 24123 24123 D LifecycleMonitor: Lifecycle status change: ninja.gab.rnStarter.MainActivity@503c807 in: CREATED
11-25 20:50:54.804 24123 24123 D LifecycleMonitor: Lifecycle status change: ninja.gab.rnStarter.MainActivity@503c807 in: STARTED
11-25 20:50:54.805 24123 24123 D LifecycleMonitor: Lifecycle status change: ninja.gab.rnStarter.MainActivity@503c807 in: RESUMED
11-25 20:50:54.806 24123 24158 D SoLoader: Loaded: libhermes.so
11-25 20:50:54.806 24123 24158 D SoLoader: About to load: libhermes-executor-debug.so
11-25 20:50:54.806 24123 24158 D SoLoader: libhermes-executor-debug.so not found on /data/data/ninja.gab.rnStarter.staging/lib-main
11-25 20:50:54.806 24123 24158 D SoLoader: libhermes-executor-debug.so found on /data/app/ninja.gab.rnStarter.staging-pqjuIBwSvY4e91kriRMWWQ==/lib/x86
11-25 20:50:54.806 24123 24158 D SoLoader: Not resolving dependencies for libhermes-executor-debug.so
11-25 20:50:54.813 24123 24158 W System.err: java.lang.UnsatisfiedLinkError: dlopen failed: cannot locate symbol "_ZN8facebook6hermes13HermesRuntime11getDebuggerEv" referenced by "/data/app/ninja.gab.rnStarter.staging-pqjuIBwSvY4e91kriRMWWQ==/lib/x86/libhermes-executor-common-debug.so"...
11-25 20:50:54.813 24123 24158 W System.err: 	at java.lang.Runtime.load0(Runtime.java:938)
11-25 20:50:54.813 24123 24158 W System.err: 	at java.lang.System.load(System.java:1631)
11-25 20:50:54.813 24123 24158 W System.err: 	at com.facebook.soloader.SoLoader$1.load(SoLoader.java:405)
11-25 20:50:54.813 24123 24158 W System.err: 	at com.facebook.soloader.DirectorySoSource.loadLibraryFrom(DirectorySoSource.java:77)
11-25 20:50:54.813 24123 24158 W System.err: 	at com.facebook.soloader.DirectorySoSource.loadLibrary(DirectorySoSource.java:50)
11-25 20:50:54.813 24123 24158 W System.err: 	at com.facebook.soloader.ApplicationSoSource.loadLibrary(ApplicationSoSource.java:89)
11-25 20:50:54.813 24123 24158 W System.err: 	at com.facebook.soloader.SoLoader.doLoadLibraryBySoName(SoLoader.java:860)
11-25 20:50:54.813 24123 24158 W System.err: 	at com.facebook.soloader.SoLoader.loadLibraryBySoNameImpl(SoLoader.java:740)
11-25 20:50:54.813 24123 24158 W System.err: 	at com.facebook.soloader.SoLoader.loadLibraryBySoName(SoLoader.java:654)
11-25 20:50:54.813 24123 24158 W System.err: 	at com.facebook.soloader.SoLoader.loadLibrary(SoLoader.java:634)
11-25 20:50:54.813 24123 24158 W System.err: 	at com.facebook.soloader.SoLoader.loadLibrary(SoLoader.java:582)
11-25 20:50:54.813 24123 24158 W System.err: 	at com.facebook.hermes.reactexecutor.HermesExecutor.<clinit>(HermesExecutor.java:22)
11-25 20:50:54.813 24123 24158 W System.err: 	at com.facebook.hermes.reactexecutor.HermesExecutorFactory.create(HermesExecutorFactory.java:29)
11-25 20:50:54.813 24123 24158 W System.err: 	at com.facebook.react.ReactInstanceManager$5.run(ReactInstanceManager.java:1066)
11-25 20:50:54.813 24123 24158 W System.err: 	at java.lang.Thread.run(Thread.java:919)
11-25 20:50:54.813 24123 24158 E SoLoader: couldn't find DSO to load: libhermes-executor-debug.so caused by: dlopen failed: cannot locate symbol "_ZN8facebook6hermes13HermesRuntime11getDebuggerEv" referenced by "/data/app/ninja.gab.rnStarter.staging-pqjuIBwSvY4e91kriRMWWQ==/lib/x86/libhermes-executor-common-debug.so"... result: 0
11-25 20:50:54.814 24123 24158 D SoLoader: About to load: libhermes-executor-release.so
11-25 20:50:54.814 24123 24158 D SoLoader: libhermes-executor-release.so not found on /data/data/ninja.gab.rnStarter.staging/lib-main
11-25 20:50:54.814 24123 24158 D SoLoader: libhermes-executor-release.so found on /data/app/ninja.gab.rnStarter.staging-pqjuIBwSvY4e91kriRMWWQ==/lib/x86
11-25 20:50:54.814 24123 24158 D SoLoader: Not resolving dependencies for libhermes-executor-release.so
11-25 20:50:54.817 24123 24158 D SoLoader: Loaded: libhermes-executor-release.so
11-25 20:50:54.817 24123 24158 D SoLoader: About to load: libfbjni.so
11-25 20:50:54.817 24123 24158 D SoLoader: libfbjni.so not found on /data/data/ninja.gab.rnStarter.staging/lib-main
11-25 20:50:54.817 24123 24158 D SoLoader: libfbjni.so found on /data/app/ninja.gab.rnStarter.staging-pqjuIBwSvY4e91kriRMWWQ==/lib/x86
11-25 20:50:54.817 24123 24158 D SoLoader: Not resolving dependencies for libfbjni.so
11-25 20:50:54.818 24123 24158 D SoLoader: Loaded: libfbjni.so
11-25 20:50:54.832 24123 24158 V AsyncStorageExpoMigration: No scoped database found
11-25 20:50:54.834 24123 24155 D HostConnection: HostConnection::get() New Host Connection established 0xde975d80, tid 24155
11-25 20:50:54.836 24123 24158 D SoLoader: About to load: libreactnativejni.so
11-25 20:50:54.836 24123 24158 D SoLoader: libreactnativejni.so not found on /data/data/ninja.gab.rnStarter.staging/lib-main
11-25 20:50:54.836 24123 24158 D SoLoader: libreactnativejni.so found on /data/app/ninja.gab.rnStarter.staging-pqjuIBwSvY4e91kriRMWWQ==/lib/x86
11-25 20:50:54.836 24123 24158 D SoLoader: Not resolving dependencies for libreactnativejni.so
11-25 20:50:54.843 24123 24155 D HostConnection: HostComposition ext ANDROID_EMU_CHECKSUM_HELPER_v1 ANDROID_EMU_native_sync_v2 ANDROID_EMU_native_sync_v3 ANDROID_EMU_native_sync_v4 ANDROID_EMU_dma_v1 ANDROID_EMU_direct_mem ANDROID_EMU_host_composition_v1 ANDROID_EMU_host_composition_v2 ANDROID_EMU_YUV420_888_to_NV21 ANDROID_EMU_YUV_Cache ANDROID_EMU_async_unmap_buffer ANDROID_EMU_sync_buffer_data GL_OES_EGL_image_external_essl3 GL_OES_vertex_array_object GL_KHR_texture_compression_astc_ldr ANDROID_EMU_host_side_tracing ANDROID_EMU_async_frame_commands ANDROID_EMU_gles_max_version_3_0 
11-25 20:50:54.843 24123 24158 D SoLoader: Loaded: libreactnativejni.so
11-25 20:50:54.845 24123 24155 W OpenGLRenderer: Failed to choose config with EGL_SWAP_BEHAVIOR_PRESERVED, retrying without...
11-25 20:50:54.846 24123 24155 D eglCodecCommon: setVertexArrayObject: set vao to 0 (0) 0 0
11-25 20:50:54.846 24123 24155 D EGL_emulation: eglCreateContext: 0xebb9eec0: maj 3 min 0 rcv 3
11-25 20:50:54.846 24123 24155 D EGL_emulation: eglMakeCurrent: 0xebb9eec0: ver 3 0 (tinfo 0xcaebcab0)
11-25 20:50:54.853 24123 24155 W Gralloc3: mapper 3.x is not supported
11-25 20:50:54.865 24123 24155 D HostConnection: createUnique: call
11-25 20:50:54.865 24123 24155 D HostConnection: HostConnection::get() New Host Connection established 0xde975f10, tid 24155
11-25 20:50:54.870 24123 24155 D HostConnection: HostComposition ext ANDROID_EMU_CHECKSUM_HELPER_v1 ANDROID_EMU_native_sync_v2 ANDROID_EMU_native_sync_v3 ANDROID_EMU_native_sync_v4 ANDROID_EMU_dma_v1 ANDROID_EMU_direct_mem ANDROID_EMU_host_composition_v1 ANDROID_EMU_host_composition_v2 ANDROID_EMU_YUV420_888_to_NV21 ANDROID_EMU_YUV_Cache ANDROID_EMU_async_unmap_buffer ANDROID_EMU_sync_buffer_data GL_OES_EGL_image_external_essl3 GL_OES_vertex_array_object GL_KHR_texture_compression_astc_ldr ANDROID_EMU_host_side_tracing ANDROID_EMU_async_frame_commands ANDROID_EMU_gles_max_version_3_0 
11-25 20:50:54.870 24123 24155 D eglCodecCommon: allocate: Ask for block of size 0x1000
11-25 20:50:54.870 24123 24155 D eglCodecCommon: allocate: ioctl allocate returned offset 0x3ffffa000 size 0x2000
11-25 20:50:54.871 24123 24158 W unknown:ViewManagerPropertyUpdater: Could not find generated setter for class com.facebook.react.views.drawer.ReactDrawerLayoutManager
11-25 20:50:54.873 24123 24155 D EGL_emulation: eglMakeCurrent: 0xebb9eec0: ver 3 0 (tinfo 0xcaebcab0)
11-25 20:50:54.874 24123 24155 D eglCodecCommon: setVertexArrayObject: set vao to 0 (0) 1 0
11-25 20:50:54.874 24123 24158 W unknown:ViewManagerPropertyUpdater: Could not find generated setter for class com.facebook.react.uimanager.LayoutShadowNode
11-25 20:50:54.875 24123 24158 W unknown:ViewManagerPropertyUpdater: Could not find generated setter for class com.facebook.react.views.scroll.ReactHorizontalScrollViewManager
11-25 20:50:54.877 24123 24158 W unknown:ViewManagerPropertyUpdater: Could not find generated setter for class com.facebook.react.views.scroll.ReactHorizontalScrollContainerViewManager
11-25 20:50:54.877 24123 24158 W unknown:ViewManagerPropertyUpdater: Could not find generated setter for class com.facebook.react.views.progressbar.ReactProgressBarViewManager
11-25 20:50:54.878 24123 24158 W unknown:ViewManagerPropertyUpdater: Could not find generated setter for class com.facebook.react.views.progressbar.ProgressBarShadowNode
11-25 20:50:54.878 24123 24158 W unknown:ViewManagerPropertyUpdater: Could not find generated setter for class com.facebook.react.views.scroll.ReactScrollViewManager
11-25 20:50:54.879 24123 24158 W unknown:ViewManagerPropertyUpdater: Could not find generated setter for class com.facebook.react.views.slider.ReactSliderManager
11-25 20:50:54.880 24123 24158 W unknown:ViewManagerPropertyUpdater: Could not find generated setter for class com.facebook.react.views.slider.ReactSliderManager$ReactSliderShadowNode
11-25 20:50:54.880 24123 24158 W unknown:ViewManagerPropertyUpdater: Could not find generated setter for class com.facebook.react.views.switchview.ReactSwitchManager
11-25 20:50:54.883 24123 24158 W unknown:ViewManagerPropertyUpdater: Could not find generated setter for class com.facebook.react.views.switchview.ReactSwitchManager$ReactSwitchShadowNode
11-25 20:50:54.883 24123 24158 W unknown:ViewManagerPropertyUpdater: Could not find generated setter for class com.facebook.react.views.swiperefresh.SwipeRefreshLayoutManager
11-25 20:50:54.884 24123 24158 W unknown:ViewManagerPropertyUpdater: Could not find generated setter for class com.facebook.react.views.text.frescosupport.FrescoBasedReactTextInlineImageViewManager
11-25 20:50:54.884 24123 24158 W unknown:ViewManagerPropertyUpdater: Could not find generated setter for class com.facebook.react.views.text.frescosupport.FrescoBasedReactTextInlineImageShadowNode
11-25 20:50:54.884 24123 24158 W unknown:ViewManagerPropertyUpdater: Could not find generated setter for class com.facebook.react.views.image.ReactImageManager
11-25 20:50:54.885 24123 24158 W unknown:ViewManagerPropertyUpdater: Could not find generated setter for class com.facebook.react.views.modal.ReactModalHostManager
11-25 20:50:54.886 24123 24158 W unknown:ViewManagerPropertyUpdater: Could not find generated setter for class com.facebook.react.views.modal.ModalHostShadowNode
11-25 20:50:54.886 24123 24158 W unknown:ViewManagerPropertyUpdater: Could not find generated setter for class com.facebook.react.views.text.ReactRawTextManager
11-25 20:50:54.887 24123 24158 W unknown:ViewManagerPropertyUpdater: Could not find generated setter for class com.facebook.react.views.text.ReactRawTextShadowNode
11-25 20:50:54.888 24123 24158 W unknown:ViewManagerPropertyUpdater: Could not find generated setter for class com.facebook.react.views.textinput.ReactTextInputManager
11-25 20:50:54.889 24123 24158 W unknown:ViewManagerPropertyUpdater: Could not find generated setter for class com.facebook.react.views.textinput.ReactTextInputShadowNode
11-25 20:50:54.890 24123 24158 W unknown:ViewManagerPropertyUpdater: Could not find generated setter for class com.facebook.react.views.text.ReactTextViewManager
11-25 20:50:54.891 24123 24158 W unknown:ViewManagerPropertyUpdater: Could not find generated setter for class com.facebook.react.views.text.ReactTextShadowNode
11-25 20:50:54.891 24123 24158 W unknown:ViewManagerPropertyUpdater: Could not find generated setter for class com.facebook.react.views.view.ReactViewManager
11-25 20:50:54.892 24123 24158 W unknown:ViewManagerPropertyUpdater: Could not find generated setter for class com.facebook.react.views.text.ReactVirtualTextViewManager
11-25 20:50:54.892 24123 24158 W unknown:ViewManagerPropertyUpdater: Could not find generated setter for class com.facebook.react.views.text.ReactVirtualTextShadowNode
11-25 20:50:54.892 24123 24158 W unknown:ViewManagerPropertyUpdater: Could not find generated setter for class com.facebook.react.views.unimplementedview.ReactUnimplementedViewManager
11-25 20:50:54.892 24123 24158 W unknown:ViewManagerPropertyUpdater: Could not find generated setter for class org.reactnative.maskedview.RNCMaskedViewManager
11-25 20:50:54.893 24123 24158 W unknown:ViewManagerPropertyUpdater: Could not find generated setter for class com.swmansion.gesturehandler.react.RNGestureHandlerRootViewManager
11-25 20:50:54.893 24123 24158 W unknown:ViewManagerPropertyUpdater: Could not find generated setter for class com.swmansion.gesturehandler.react.RNGestureHandlerButtonViewManager
11-25 20:50:54.893 24123 24158 W unknown:ViewManagerPropertyUpdater: Could not find generated setter for class com.th3rdwave.safeareacontext.SafeAreaProviderManager
11-25 20:50:54.893 24123 24158 W unknown:ViewManagerPropertyUpdater: Could not find generated setter for class com.th3rdwave.safeareacontext.SafeAreaViewManager
11-25 20:50:54.894 24123 24158 W unknown:ViewManagerPropertyUpdater: Could not find generated setter for class com.th3rdwave.safeareacontext.SafeAreaViewShadowNode
11-25 20:50:54.894 24123 24158 W unknown:ViewManagerPropertyUpdater: Could not find generated setter for class com.swmansion.rnscreens.ScreenContainerViewManager
11-25 20:50:54.895 24123 24158 W unknown:ViewManagerPropertyUpdater: Could not find generated setter for class com.swmansion.rnscreens.ScreenViewManager
11-25 20:50:54.896 24123 24158 W unknown:ViewManagerPropertyUpdater: Could not find generated setter for class com.swmansion.rnscreens.ScreenStackViewManager
11-25 20:50:54.896 24123 24158 W unknown:ViewManagerPropertyUpdater: Could not find generated setter for class com.swmansion.rnscreens.ScreenStackHeaderConfigViewManager
11-25 20:50:54.897 24123 24158 W unknown:ViewManagerPropertyUpdater: Could not find generated setter for class com.swmansion.rnscreens.ScreenStackHeaderSubviewManager
11-25 20:50:54.924 24123 24158 D SoLoader: About to load: libturbomodulejsijni.so
11-25 20:50:54.924 24123 24158 D SoLoader: libturbomodulejsijni.so not found on /data/data/ninja.gab.rnStarter.staging/lib-main
11-25 20:50:54.924 24123 24158 D SoLoader: libturbomodulejsijni.so found on /data/app/ninja.gab.rnStarter.staging-pqjuIBwSvY4e91kriRMWWQ==/lib/x86
11-25 20:50:54.924 24123 24158 D SoLoader: Not resolving dependencies for libturbomodulejsijni.so
11-25 20:50:54.926 24123 24158 D SoLoader: Loaded: libturbomodulejsijni.so
11-25 20:50:54.947 24123 24143 I Detox   : Detox server connection details: url=ws://localhost:63096, sessionId=08dac924-6ad2-83c0-cc21-189b790a2431
11-25 20:50:54.956 24123 24162 I DetoxDispatcher: Handling action '_init' (ID #0)...
11-25 20:50:54.956 24123 24162 I Detox   : Connecting to server...
11-25 20:50:54.956 24123 24162 I DetoxWSClient: At connectToServer
11-25 20:50:54.956 24123 24161 D SoLoader: About to load: libyoga.so
11-25 20:50:54.957 24123 24161 D SoLoader: libyoga.so not found on /data/data/ninja.gab.rnStarter.staging/lib-main
11-25 20:50:54.957 24123 24161 D SoLoader: libyoga.so found on /data/app/ninja.gab.rnStarter.staging-pqjuIBwSvY4e91kriRMWWQ==/lib/x86
11-25 20:50:54.957 24123 24161 D SoLoader: Not resolving dependencies for libyoga.so
11-25 20:50:54.965 24123 24161 D SoLoader: Loaded: libyoga.so
11-25 20:50:54.987 24123 24161 D NetworkSecurityConfig: Using Network Security Config from resource network_security_config debugBuild: false
11-25 20:50:55.005 24123 24123 D DetoxRNLoading: Got new RN-context directly and immediately
11-25 20:50:55.006 24123 24162 I DetoxRNIdleRes: Setting up Espresso Idling Resources for React Native
11-25 20:50:55.015 24123 24162 D AsyncStorageIR: Checking whether a custom IR for Async-Storage is required... (legacy=false)
11-25 20:50:55.015 24123 24162 D AsyncStorageIR: IR for Async-Storage is required! (legacy=false)
11-25 20:50:55.015 24123 24162 D AsyncStorageIR: Checking whether a custom IR for Async-Storage is required... (legacy=true)
11-25 20:50:55.015 24123 24162 D AsyncStorageIR: IR for Async-Storage is required! (legacy=true)
11-25 20:50:55.017 24123 24123 I Detox   : UIManagerModule is busy
11-25 20:50:55.017 24123 24123 D AsyncStorageIR: Async-storage is busy!
11-25 20:50:55.019 24123 24167 D DetoxWSClient: At onOpen
11-25 20:50:55.019 24123 24167 I DetoxWSClient: Sending out action 'login' (ID #0)
11-25 20:50:55.019 24123 24167 I Detox   : Connected to server!
11-25 20:50:55.020 24123 24123 D AsyncStorageIRLegacy: Async-storage is busy!
11-25 20:50:55.023 24123 24162 I DetoxDispatcher: Done with action '_init'
11-25 20:50:55.023 24123 24162 I DetoxDispatcher: Handling action 'isReady' (ID #-1000)...
11-25 20:50:55.026 24123 24167 D DetoxWSClient: Received action 'loginSuccess' (ID #0, params={"testerConnected":true,"appConnected":true})
11-25 20:50:55.071 24123 24167 D DetoxWSClient: Received action 'isReady' (ID #-1000, params={})
11-25 20:50:55.119 24123 24161 W unknown:ViewManagerPropertyUpdater: Could not find generated setter for class com.swmansion.rnscreens.ScreensShadowNode
11-25 20:50:55.136 24123 24123 I Detox   : UIManagerModule is busy
11-25 20:50:55.142 24123 24123 I ReactNative: [GESTURE HANDLER] Initialize gesture handler for root view com.facebook.react.ReactRootView{110f2fc V.E...... ......ID 0,0-1080,2082 #1}
11-25 20:50:55.148 24123 24181 D SoLoader: About to load: libimagepipeline.so
11-25 20:50:55.148 24123 24181 D SoLoader: libimagepipeline.so not found on /data/data/ninja.gab.rnStarter.staging/lib-main
11-25 20:50:55.148 24123 24181 D SoLoader: libimagepipeline.so found on /data/app/ninja.gab.rnStarter.staging-pqjuIBwSvY4e91kriRMWWQ==/lib/x86
11-25 20:50:55.148 24123 24181 D SoLoader: Not resolving dependencies for libimagepipeline.so
11-25 20:50:55.150 24123 24181 D SoLoader: Loaded: libimagepipeline.so
11-25 20:50:55.151 24123 24123 I Detox   : UIManagerModule is busy
11-25 20:50:55.155 24123 24181 D SoLoader: About to load: libnative-imagetranscoder.so
11-25 20:50:55.155 24123 24181 D SoLoader: libnative-imagetranscoder.so not found on /data/data/ninja.gab.rnStarter.staging/lib-main
11-25 20:50:55.155 24123 24181 D SoLoader: libnative-imagetranscoder.so found on /data/app/ninja.gab.rnStarter.staging-pqjuIBwSvY4e91kriRMWWQ==/lib/x86
11-25 20:50:55.155 24123 24181 D SoLoader: Not resolving dependencies for libnative-imagetranscoder.so
11-25 20:50:55.183 24123 24181 D SoLoader: Loaded: libnative-imagetranscoder.so
11-25 20:50:55.527 24123 24167 D DetoxWSClient: Received action 'currentStatus' (ID #1, params={})
11-25 20:50:55.527 24123 24163 I DetoxDispatcher: Handling action 'currentStatus' (ID #1)...
11-25 20:50:55.547 24123 24123 I Detox   : AnimatedModule is busy.
11-25 20:50:55.548 24123 24163 I DetoxWSClient: Sending out action 'currentStatusResult' (ID #1)
11-25 20:50:55.548 24123 24163 I DetoxDispatcher: Done with action 'currentStatus'
11-25 20:50:55.582 24123 24123 D IdlingResourceRegistry: All idling resources are idle.
11-25 20:50:55.582 24123 24123 I Detox   : Wait is over: app is now idle!
11-25 20:50:55.582 24123 24162 I DetoxWSClient: Sending out action 'ready' (ID #-1000)
11-25 20:50:55.583 24123 24162 I DetoxDispatcher: Done with action 'isReady'
11-25 20:50:55.583 24123 24162 I DetoxDispatcher: Handling action 'loginSuccess' (ID #0)...
11-25 20:50:55.583 24123 24162 I DetoxDispatcher: Done with action 'loginSuccess'
11-25 20:50:55.583 24123 24162 I DetoxDispatcher: Handling action 'isReady' (ID #-1000)...
11-25 20:50:55.585 24123 24123 D IdlingResourceRegistry: All idling resources are idle.
11-25 20:50:55.586 24123 24123 D IdlingResourceRegistry: All idling resources are idle.
11-25 20:50:55.586 24123 24123 I Detox   : Wait is over: app is now idle!
11-25 20:50:55.586 24123 24162 I DetoxWSClient: Sending out action 'ready' (ID #-1000)
11-25 20:50:55.586 24123 24162 I DetoxDispatcher: Done with action 'isReady'
11-25 20:50:55.606 24123 24167 D DetoxWSClient: Received action 'reactNativeReload' (ID #-1000, params={})
11-25 20:50:55.606 24123 24162 I DetoxDispatcher: Handling action 'reactNativeReload' (ID #-1000)...
11-25 20:50:55.608 24123 24123 D IdlingResourceRegistry: All idling resources are idle.
11-25 20:50:55.609 24123 24123 D IdlingResourceRegistry: All idling resources are idle.
11-25 20:50:55.610 24123 24162 I DetoxRNExt: Reloading React Native
11-25 20:50:55.613 24123 24161 I ReactNative: [GESTURE HANDLER] Tearing down gesture handler registered for root view com.facebook.react.ReactRootView{110f2fc V.E...... ......ID 0,0-1080,2082}
11-25 20:50:55.613 24123 24161 E unknown:ReactContextBaseJavaModule: Unhandled SoftException
11-25 20:50:55.613 24123 24161 E unknown:ReactContextBaseJavaModule: java.lang.RuntimeException: Catalyst Instance has already disappeared: requested by DeviceInfo
11-25 20:50:55.613 24123 24161 E unknown:ReactContextBaseJavaModule: 	at com.facebook.react.bridge.ReactContextBaseJavaModule.getReactApplicationContextIfActiveOrWarn(ReactContextBaseJavaModule.java:66)
11-25 20:50:55.613 24123 24161 E unknown:ReactContextBaseJavaModule: 	at com.facebook.react.modules.deviceinfo.DeviceInfoModule.invalidate(DeviceInfoModule.java:114)
11-25 20:50:55.613 24123 24161 E unknown:ReactContextBaseJavaModule: 	at com.facebook.react.bridge.ModuleHolder.destroy(ModuleHolder.java:110)
11-25 20:50:55.613 24123 24161 E unknown:ReactContextBaseJavaModule: 	at com.facebook.react.bridge.NativeModuleRegistry.notifyJSInstanceDestroy(NativeModuleRegistry.java:108)
11-25 20:50:55.613 24123 24161 E unknown:ReactContextBaseJavaModule: 	at com.facebook.react.bridge.CatalystInstanceImpl$1.run(CatalystInstanceImpl.java:359)
11-25 20:50:55.613 24123 24161 E unknown:ReactContextBaseJavaModule: 	at android.os.Handler.handleCallback(Handler.java:883)
11-25 20:50:55.613 24123 24161 E unknown:ReactContextBaseJavaModule: 	at android.os.Handler.dispatchMessage(Handler.java:100)
11-25 20:50:55.613 24123 24161 E unknown:ReactContextBaseJavaModule: 	at com.facebook.react.bridge.queue.MessageQueueThreadHandler.dispatchMessage(MessageQueueThreadHandler.java:27)
11-25 20:50:55.613 24123 24161 E unknown:ReactContextBaseJavaModule: 	at androidx.test.espresso.base.Interrogator.loopAndInterrogate(Interrogator.java:53)
11-25 20:50:55.613 24123 24161 E unknown:ReactContextBaseJavaModule: 	at androidx.test.espresso.base.LooperIdlingResourceInterrogationHandler$2.run(LooperIdlingResourceInterrogationHandler.java:4)
11-25 20:50:55.613 24123 24161 E unknown:ReactContextBaseJavaModule: 	at android.os.Handler.handleCallback(Handler.java:883)
11-25 20:50:55.613 24123 24161 E unknown:ReactContextBaseJavaModule: 	at android.os.Handler.dispatchMessage(Handler.java:100)
11-25 20:50:55.613 24123 24161 E unknown:ReactContextBaseJavaModule: 	at android.os.Looper.loop(Looper.java:214)
11-25 20:50:55.613 24123 24161 E unknown:ReactContextBaseJavaModule: 	at com.facebook.react.bridge.queue.MessageQueueThreadImpl$4.run(MessageQueueThreadImpl.java:226)
11-25 20:50:55.613 24123 24161 E unknown:ReactContextBaseJavaModule: 	at java.lang.Thread.run(Thread.java:919)
11-25 20:50:55.613 24123 24161 E unknown:ReactContextBaseJavaModule: Unhandled SoftException
11-25 20:50:55.613 24123 24161 E unknown:ReactContextBaseJavaModule: java.lang.RuntimeException: Catalyst Instance has already disappeared: requested by AppState
11-25 20:50:55.613 24123 24161 E unknown:ReactContextBaseJavaModule: 	at com.facebook.react.bridge.ReactContextBaseJavaModule.getReactApplicationContextIfActiveOrWarn(ReactContextBaseJavaModule.java:66)
11-25 20:50:55.613 24123 24161 E unknown:ReactContextBaseJavaModule: 	at com.facebook.react.modules.appstate.AppStateModule.invalidate(AppStateModule.java:127)
11-25 20:50:55.613 24123 24161 E unknown:ReactContextBaseJavaModule: 	at com.facebook.react.bridge.ModuleHolder.destroy(ModuleHolder.java:110)
11-25 20:50:55.613 24123 24161 E unknown:ReactContextBaseJavaModule: 	at com.facebook.react.bridge.NativeModuleRegistry.notifyJSInstanceDestroy(NativeModuleRegistry.java:108)
11-25 20:50:55.613 24123 24161 E unknown:ReactContextBaseJavaModule: 	at com.facebook.react.bridge.CatalystInstanceImpl$1.run(CatalystInstanceImpl.java:359)
11-25 20:50:55.613 24123 24161 E unknown:ReactContextBaseJavaModule: 	at android.os.Handler.handleCallback(Handler.java:883)
11-25 20:50:55.613 24123 24161 E unknown:ReactContextBaseJavaModule: 	at android.os.Handler.dispatchMessage(Handler.java:100)
11-25 20:50:55.613 24123 24161 E unknown:ReactContextBaseJavaModule: 	at com.facebook.react.bridge.queue.MessageQueueThreadHandler.dispatchMessage(MessageQueueThreadHandler.java:27)
11-25 20:50:55.613 24123 24161 E unknown:ReactContextBaseJavaModule: 	at androidx.test.espresso.base.Interrogator.loopAndInterrogate(Interrogator.java:53)
11-25 20:50:55.613 24123 24161 E unknown:ReactContextBaseJavaModule: 	at androidx.test.espresso.base.LooperIdlingResourceInterrogationHandler$2.run(LooperIdlingResourceInterrogationHandler.java:4)
11-25 20:50:55.613 24123 24161 E unknown:ReactContextBaseJavaModule: 	at android.os.Handler.handleCallback(Handler.java:883)
11-25 20:50:55.613 24123 24161 E unknown:ReactContextBaseJavaModule: 	at android.os.Handler.dispatchMessage(Handler.java:100)
11-25 20:50:55.613 24123 24161 E unknown:ReactContextBaseJavaModule: 	at android.os.Looper.loop(Looper.java:214)
11-25 20:50:55.613 24123 24161 E unknown:ReactContextBaseJavaModule: 	at com.facebook.react.bridge.queue.MessageQueueThreadImpl$4.run(MessageQueueThreadImpl.java:226)
11-25 20:50:55.613 24123 24161 E unknown:ReactContextBaseJavaModule: 	at java.lang.Thread.run(Thread.java:919)
11-25 20:50:55.613 24123 24161 E unknown:ReactContextBaseJavaModule: Unhandled SoftException
11-25 20:50:55.613 24123 24161 E unknown:ReactContextBaseJavaModule: java.lang.RuntimeException: Catalyst Instance has already disappeared: requested by NativeAnimatedModule
11-25 20:50:55.613 24123 24161 E unknown:ReactContextBaseJavaModule: 	at com.facebook.react.bridge.ReactContextBaseJavaModule.getReactApplicationContextIfActiveOrWarn(ReactContextBaseJavaModule.java:66)
11-25 20:50:55.613 24123 24161 E unknown:ReactContextBaseJavaModule: 	at com.facebook.react.animated.NativeAnimatedModule.invalidate(NativeAnimatedModule.java:897)
11-25 20:50:55.613 24123 24161 E unknown:ReactContextBaseJavaModule: 	at com.facebook.react.bridge.ModuleHolder.destroy(ModuleHolder.java:110)
11-25 20:50:55.613 24123 24161 E unknown:ReactContextBaseJavaModule: 	at com.facebook.react.bridge.NativeModuleRegistry.notifyJSInstanceDestroy(NativeModuleRegistry.java:108)
11-25 20:50:55.613 24123 24161 E unknown:ReactContextBaseJavaModule: 	at com.facebook.react.bridge.CatalystInstanceImpl$1.run(CatalystInstanceImpl.java:359)
11-25 20:50:55.613 24123 24161 E unknown:ReactContextBaseJavaModule: 	at android.os.Handler.handleCallback(Handler.java:883)
11-25 20:50:55.613 24123 24161 E unknown:ReactContextBaseJavaModule: 	at android.os.Handler.dispatchMessage(Handler.java:100)
11-25 20:50:55.613 24123 24161 E unknown:ReactContextBaseJavaModule: 	at com.facebook.react.bridge.queue.MessageQueueThreadHandler.dispatchMessage(MessageQueueThreadHandler.java:27)
11-25 20:50:55.613 24123 24161 E unknown:ReactContextBaseJavaModule: 	at androidx.test.espresso.base.Interrogator.loopAndInterrogate(Interrogator.java:53)
11-25 20:50:55.613 24123 24161 E unknown:ReactContextBaseJavaModule: 	at androidx.test.espresso.base.LooperIdlingResourceInterrogationHandler$2.run(LooperIdlingResourceInterrogationHandler.java:4)
11-25 20:50:55.613 24123 24161 E unknown:ReactContextBaseJavaModule: 	at android.os.Handler.handleCallback(Handler.java:883)
11-25 20:50:55.613 24123 24161 E unknown:ReactContextBaseJavaModule: 	at android.os.Handler.dispatchMessage(Handler.java:100)
11-25 20:50:55.613 24123 24161 E unknown:ReactContextBaseJavaModule: 	at android.os.Looper.loop(Looper.java:214)
11-25 20:50:55.613 24123 24161 E unknown:ReactContextBaseJavaModule: 	at com.facebook.react.bridge.queue.MessageQueueThreadImpl$4.run(MessageQueueThreadImpl.java:226)
11-25 20:50:55.613 24123 24161 E unknown:ReactContextBaseJavaModule: 	at java.lang.Thread.run(Thread.java:919)
11-25 20:50:55.613 24123 24161 E unknown:ReactContextBaseJavaModule: Unhandled SoftException
11-25 20:50:55.613 24123 24161 E unknown:ReactContextBaseJavaModule: java.lang.RuntimeException: Catalyst Instance has already disappeared: requested by FrescoModule
11-25 20:50:55.613 24123 24161 E unknown:ReactContextBaseJavaModule: 	at com.facebook.react.bridge.ReactContextBaseJavaModule.getReactApplicationContextIfActiveOrWarn(ReactContextBaseJavaModule.java:66)
11-25 20:50:55.613 24123 24161 E unknown:ReactContextBaseJavaModule: 	at com.facebook.react.modules.fresco.FrescoModule.invalidate(FrescoModule.java:202)
11-25 20:50:55.613 24123 24161 E unknown:ReactContextBaseJavaModule: 	at com.facebook.react.bridge.ModuleHolder.destroy(ModuleHolder.java:110)
11-25 20:50:55.613 24123 24161 E unknown:ReactContextBaseJavaModule: 	at com.facebook.react.bridge.NativeModuleRegistry.notifyJSInstanceDestroy(NativeModuleRegistry.java:108)
11-25 20:50:55.613 24123 24161 E unknown:ReactContextBaseJavaModule: 	at com.facebook.react.bridge.CatalystInstanceImpl$1.run(CatalystInstanceImpl.java:359)
11-25 20:50:55.613 24123 24161 E unknown:ReactContextBaseJavaModule: 	at android.os.Handler.handleCallback(Handler.java:883)
11-25 20:50:55.613 24123 24161 E unknown:ReactContextBaseJavaModule: 	at android.os.Handler.dispatchMessage(Handler.java:100)
11-25 20:50:55.613 24123 24161 E unknown:ReactContextBaseJavaModule: 	at com.facebook.react.bridge.queue.MessageQueueThreadHandler.dispatchMessage(MessageQueueThreadHandler.java:27)
11-25 20:50:55.613 24123 24161 E unknown:ReactContextBaseJavaModule: 	at androidx.test.espresso.base.Interrogator.loopAndInterrogate(Interrogator.java:53)
11-25 20:50:55.613 24123 24161 E unknown:ReactContextBaseJavaModule: 	at androidx.test.espresso.base.LooperIdlingResourceInterrogationHandler$2.run(LooperIdlingResourceInterrogationHandler.java:4)
11-25 20:50:55.613 24123 24161 E unknown:ReactContextBaseJavaModule: 	at android.os.Handler.handleCallback(Handler.java:883)
