// Jest Snapshot v1, https://goo.gl/fbAQLP

exports[`Shared primitives Button component should render correctly with a text children 1`] = `
<View
  style={
    Array [
      Object {
        "backgroundColor": "#e5e5e5",
        "borderRadius": 16,
        "paddingHorizontal": 16,
        "paddingVertical": 8,
      },
    ]
  }
>
  <View
    accessible={true}
    collapsable={false}
    focusable={true}
    onBlur={[Function]}
    onClick={[Function]}
    onFocus={[Function]}
    onResponderGrant={[Function]}
    onResponderMove={[Function]}
    onResponderRelease={[Function]}
    onResponderTerminate={[Function]}
    onResponderTerminationRequest={[Function]}
    onStartShouldSetResponder={[Function]}
  >
    <View
      style={
        Array [
          Object {
            "display": "flex",
          },
          Array [
            Object {
              "display": "flex",
            },
            Array [
              Object {},
            ],
          ],
        ]
      }
    >
      <Text
        style={
          Array [
            Object {
              "display": "flex",
              "fontFamily": "WorkSans-Regular",
              "fontSize": 14,
              "lineHeight": 17,
            },
            Array [
              Object {
                "display": "flex",
                "fontFamily": "WorkSans-Regular",
                "fontSize": 14,
                "lineHeight": 17,
              },
            ],
          ]
        }
      >
        Some text
      </Text>
    </View>
  </View>
</View>
`;
