// Jest Snapshot v1, https://goo.gl/fbAQLP

exports[`Shared primitives Input component should render correctly 1`] = `
<View
  style={
    Array [
      Object {
        "display": "flex",
      },
      Array [
        Object {
          "display": "flex",
          "width": "100%",
        },
      ],
    ]
  }
>
  <TextInput
    editable={true}
    onChangeText={[MockFunction]}
    placeholder="Placeholder"
    placeholderTextColor="#e5e5e5"
    style={
      Array [
        Object {
          "borderBottomWidth": 1,
          "fontSize": 14,
          "padding": 0,
          "paddingBottom": 5,
        },
        Object {
          "borderBottomColor": "#e5e5e5",
        },
      ]
    }
    underlineColorAndroid="transparent"
  />
</View>
`;
