// Jest Snapshot v1, https://goo.gl/fbAQLP

exports[`Shared primitives Input component should render correctly 1`] = `
<View
  mt="medium"
  style={
    Array [
      Object {
        "marginTop": 16,
        "width": "80%",
      },
    ]
  }
  width="80%"
>
  <TextInput
    allowFontScaling={true}
    editable={true}
    onChangeText={[MockFunction]}
    placeholder="Placeholder"
    placeholderTextColor="#e5e5e5"
    rejectResponderTermination={true}
    style={
      Array [
        Object {
          "borderBottomColor": "#e5e5e5",
        },
        Object {
          "borderBottomWidth": 1,
          "fontSize": 16,
          "padding": 0,
          "paddingBottom": 5,
        },
      ]
    }
    underlineColorAndroid="transparent"
  />
</View>
`;
