--------- beginning of main
11-25 20:50:56.038 24123 24162 D Detox   : class androidx.test.espresso.Espresso, onView, [(with tag value: is "home_title" and view has effective visibility=VISIBLE)]
11-25 20:50:56.038 24123 24162 D Detox   : class com.wix.detox.espresso.DetoxMatcher, matcherForSufficientlyVisible, [75]
11-25 20:50:56.040 24123 24162 D Detox   : class com.wix.detox.espresso.DetoxAssertion, assertMatcher, [androidx.test.espresso.ViewInteraction@67b8f24, at least 75 percent of the view's area is displayed to the user.]
11-25 20:50:56.042 24123 24123 I Detox   : AnimatedModule is busy.
11-25 20:50:56.049 24123 24123 I chatty  : uid=10148(ninja.gab.rnStarter.staging) identical 1 line
11-25 20:50:56.070 24123 24123 I Detox   : AnimatedModule is busy.
11-25 20:50:56.086 24123 24123 I Detox   : AnimatedModule is busy.
11-25 20:50:56.104 24123 24123 I Detox   : AnimatedModule is busy.
11-25 20:50:56.125 24123 24123 I Detox   : AnimatedModule is busy.
11-25 20:50:56.141 24123 24123 I Detox   : AnimatedModule is busy.
11-25 20:50:56.159 24123 24123 I Detox   : AnimatedModule is busy.
11-25 20:50:56.176 24123 24123 I Detox   : AnimatedModule is busy.
11-25 20:50:56.193 24123 24123 I Detox   : AnimatedModule is busy.
11-25 20:50:56.210 24123 24123 I Detox   : AnimatedModule is busy.
11-25 20:50:56.243 24123 24123 I Detox   : UIManagerModule is busy
11-25 20:50:56.248 24123 24123 D IdlingResourceRegistry: All idling resources are idle.
11-25 20:50:56.257 24123 24123 I ViewInteraction: Checking 'MatchesViewAssertion(Detox){viewMatcher=at least 75 percent of the view's area is displayed to the user.}' assertion on view (with tag value: is "home_title" and view has effective visibility=VISIBLE)
11-25 20:50:56.258 24123 24162 I DetoxWSClient: Sending out action 'invokeResult' (ID #2)
11-25 20:50:56.258 24123 24162 I DetoxDispatcher: Done with action 'invoke'
11-25 20:50:56.642 24123 24167 D DetoxWSClient: Received action 'invoke' (ID #3, params={"target":{"type":"Class","value":"com.wix.detox.espresso.EspressoDetox"},"method":"perform","args":[{"type":"Invocation","value":{"target":{"type":"Class","value":"androidx.test.espresso.Espresso"},"method":"onView","args":[{"type":"Invocation","value":{"target":{"type":"Class","value":"com.wix.detox.espresso.DetoxMatcher"},"method":"matcherForTestId","args":["goto_otherPage"]}}]}},{"type":"Invocation","value":{"target":{"type":"Class","value":"com.wix.detox.espresso.DetoxViewActions"},"method":"click","args":[]}}]})
11-25 20:50:56.642 24123 24162 I DetoxDispatcher: Handling action 'invoke' (ID #3)...
11-25 20:50:56.642 24123 24162 D Detox   : class com.wix.detox.espresso.DetoxMatcher, matcherForTestId, [goto_otherPage]
11-25 20:50:56.642 24123 24162 D Detox   : class androidx.test.espresso.Espresso, onView, [(with tag value: is "goto_otherPage" and view has effective visibility=VISIBLE)]
11-25 20:50:56.642 24123 24162 D Detox   : class com.wix.detox.espresso.DetoxViewActions, click, []
11-25 20:50:56.647 24123 24162 D Detox   : class com.wix.detox.espresso.EspressoDetox, perform, [androidx.test.espresso.ViewInteraction@2cf9ebc, com.wix.detox.espresso.action.RNClickAction@62c0e45]
11-25 20:50:56.649 24123 24123 D IdlingResourceRegistry: All idling resources are idle.
11-25 20:50:56.650 24123 24123 D IdlingResourceRegistry: All idling resources are idle.
11-25 20:50:56.651 24123 24123 I ViewInteraction: Performing 'com.wix.detox.espresso.action.detoxsingletap@e2d72cb click' action on view (with tag value: is "goto_otherPage" and view has effective visibility=VISIBLE)
11-25 20:50:56.688 24123 24123 D IdlingResourceRegistry: All idling resources are idle.
11-25 20:50:56.689 24123 24123 D IdlingResourceRegistry: All idling resources are idle.
11-25 20:50:56.992 24123 24123 I Detox   : AnimatedModule is busy.
11-25 20:50:56.996 24123 24123 I Detox   : AnimatedModule is busy.
11-25 20:50:57.016 24123 24123 I Detox   : AnimatedModule is busy.
11-25 20:50:57.033 24123 24123 I Detox   : AnimatedModule is busy.
11-25 20:50:57.051 24123 24123 I Detox   : AnimatedModule is busy.
11-25 20:50:57.068 24123 24123 I Detox   : AnimatedModule is busy.
11-25 20:50:57.083 24123 24123 I Detox   : AnimatedModule is busy.
11-25 20:50:57.101 24123 24123 I Detox   : AnimatedModule is busy.
11-25 20:50:57.116 24123 24123 I Detox   : AnimatedModule is busy.
11-25 20:50:57.134 24123 24123 I Detox   : AnimatedModule is busy.
11-25 20:50:57.146 24123 24167 D DetoxWSClient: Received action 'currentStatus' (ID #4, params={})
11-25 20:50:57.146 24123 24163 I DetoxDispatcher: Handling action 'currentStatus' (ID #4)...
11-25 20:50:57.147 24123 24123 I Detox   : AnimatedModule is busy.
11-25 20:50:57.147 24123 24163 I DetoxWSClient: Sending out action 'currentStatusResult' (ID #4)
11-25 20:50:57.148 24123 24163 I DetoxDispatcher: Done with action 'currentStatus'
11-25 20:50:57.174 24123 24123 I Detox   : UIManagerModule is busy
11-25 20:50:57.193 24123 24123 D IdlingResourceRegistry: All idling resources are idle.
11-25 20:50:57.260 24123 24123 D IdlingResourceRegistry: All idling resources are idle.
11-25 20:50:57.261 24123 24123 D IdlingResourceRegistry: All idling resources are idle.
11-25 20:50:57.263 24123 24123 D IdlingResourceRegistry: All idling resources are idle.
11-25 20:50:57.264 24123 24123 D IdlingResourceRegistry: All idling resources are idle.
11-25 20:50:57.265 24123 24162 I DetoxWSClient: Sending out action 'invokeResult' (ID #3)
11-25 20:50:57.265 24123 24162 I DetoxDispatcher: Done with action 'invoke'
11-25 20:50:57.267 24123 24167 D DetoxWSClient: Received action 'invoke' (ID #5, params={"target":{"type":"Class","value":"com.wix.detox.espresso.DetoxAssertion"},"method":"assertMatcher","args":[{"type":"Invocation","value":{"target":{"type":"Class","value":"androidx.test.espresso.Espresso"},"method":"onView","args":[{"type":"Invocation","value":{"target":{"type":"Class","value":"com.wix.detox.espresso.DetoxMatcher"},"method":"matcherForTestId","args":["otherPage_title"]}}]}},{"type":"Invocation","value":{"target":{"type":"Class","value":"com.wix.detox.espresso.DetoxMatcher"},"method":"matcherForSufficientlyVisible","args":[{"type":"Integer","value":75}]}}]})
11-25 20:50:57.267 24123 24162 I DetoxDispatcher: Handling action 'invoke' (ID #5)...
11-25 20:50:57.267 24123 24162 D Detox   : class com.wix.detox.espresso.DetoxMatcher, matcherForTestId, [otherPage_title]
11-25 20:50:57.267 24123 24162 D Detox   : class androidx.test.espresso.Espresso, onView, [(with tag value: is "otherPage_title" and view has effective visibility=VISIBLE)]
11-25 20:50:57.267 24123 24162 D Detox   : class com.wix.detox.espresso.DetoxMatcher, matcherForSufficientlyVisible, [75]
11-25 20:50:57.268 24123 24162 D Detox   : class com.wix.detox.espresso.DetoxAssertion, assertMatcher, [androidx.test.espresso.ViewInteraction@fdf205a, at least 75 percent of the view's area is displayed to the user.]
11-25 20:50:57.268 24123 24123 D IdlingResourceRegistry: All idling resources are idle.
11-25 20:50:57.270 24123 24123 D IdlingResourceRegistry: All idling resources are idle.
11-25 20:50:57.270 24123 24123 I ViewInteraction: Checking 'MatchesViewAssertion(Detox){viewMatcher=at least 75 percent of the view's area is displayed to the user.}' assertion on view (with tag value: is "otherPage_title" and view has effective visibility=VISIBLE)
11-25 20:50:57.271 24123 24162 I DetoxWSClient: Sending out action 'invokeResult' (ID #5)
11-25 20:50:57.271 24123 24162 I DetoxDispatcher: Done with action 'invoke'
